<?xml version="1.0" encoding="ISO-8859-1" ?>
<link_info>
   <banner>TI ARM Linker PC v20.2.0.LTS</banner>
   <copyright>Copyright (c) 1996-2018 Texas Instruments Incorporated</copyright>
   <link_time>0x60cd11de</link_time>
   <link_errors>0x0</link_errors>
   <output_file>ECE315-F21.out</output_file>
   <entry_point>
      <name>_c_int00_noargs</name>
      <address>0x3af9</address>
   </entry_point>
   <input_file_list>
      <input_file id="fl-2">
         <path>.\</path>
         <kind>object</kind>
         <file>at42qt2120.obj</file>
         <name>at42qt2120.obj</name>
      </input_file>
      <input_file id="fl-3">
         <path>.\</path>
         <kind>object</kind>
         <file>circular_buffer.obj</file>
         <name>circular_buffer.obj</name>
      </input_file>
      <input_file id="fl-4">
         <path>.\</path>
         <kind>object</kind>
         <file>ece315.obj</file>
         <name>ece315.obj</name>
      </input_file>
      <input_file id="fl-5">
         <path>.\</path>
         <kind>object</kind>
         <file>ece315_timer.obj</file>
         <name>ece315_timer.obj</name>
      </input_file>
      <input_file id="fl-6">
         <path>.\</path>
         <kind>object</kind>
         <file>i2c.obj</file>
         <name>i2c.obj</name>
      </input_file>
      <input_file id="fl-7">
         <path>.\</path>
         <kind>object</kind>
         <file>interrupts.obj</file>
         <name>interrupts.obj</name>
      </input_file>
      <input_file id="fl-8">
         <path>.\</path>
         <kind>object</kind>
         <file>main.obj</file>
         <name>main.obj</name>
      </input_file>
      <input_file id="fl-9">
         <path>.\</path>
         <kind>object</kind>
         <file>serial_debug.obj</file>
         <name>serial_debug.obj</name>
      </input_file>
      <input_file id="fl-a">
         <path>.\</path>
         <kind>object</kind>
         <file>startup_msp432p401r_ccs.obj</file>
         <name>startup_msp432p401r_ccs.obj</name>
      </input_file>
      <input_file id="fl-b">
         <path>.\</path>
         <kind>object</kind>
         <file>system_msp432p401r.obj</file>
         <name>system_msp432p401r.obj</name>
      </input_file>
      <input_file id="fl-f">
         <kind>object</kind>
         <file>&lt;internal&gt;</file>
         <name>&lt;internal&gt;</name>
      </input_file>
      <input_file id="fl-c5">
         <path>C:\ti\ccs1000\ccs\tools\compiler\ti-cgt-arm_20.2.0.LTS\lib\</path>
         <kind>archive</kind>
         <file>rtsv7M4_T_le_v4SPD16_eabi.lib</file>
         <name>printf.c.obj</name>
      </input_file>
      <input_file id="fl-c6">
         <path>C:\ti\ccs1000\ccs\tools\compiler\ti-cgt-arm_20.2.0.LTS\lib\</path>
         <kind>archive</kind>
         <file>rtsv7M4_T_le_v4SPD16_eabi.lib</file>
         <name>_printfi.c.obj</name>
      </input_file>
      <input_file id="fl-c7">
         <path>C:\ti\ccs1000\ccs\tools\compiler\ti-cgt-arm_20.2.0.LTS\lib\</path>
         <kind>archive</kind>
         <file>rtsv7M4_T_le_v4SPD16_eabi.lib</file>
         <name>sprintf.c.obj</name>
      </input_file>
      <input_file id="fl-c8">
         <path>C:\ti\ccs1000\ccs\tools\compiler\ti-cgt-arm_20.2.0.LTS\lib\</path>
         <kind>archive</kind>
         <file>rtsv7M4_T_le_v4SPD16_eabi.lib</file>
         <name>fputs.c.obj</name>
      </input_file>
      <input_file id="fl-c9">
         <path>C:\ti\ccs1000\ccs\tools\compiler\ti-cgt-arm_20.2.0.LTS\lib\</path>
         <kind>archive</kind>
         <file>rtsv7M4_T_le_v4SPD16_eabi.lib</file>
         <name>_io_perm.c.obj</name>
      </input_file>
      <input_file id="fl-ca">
         <path>C:\ti\ccs1000\ccs\tools\compiler\ti-cgt-arm_20.2.0.LTS\lib\</path>
         <kind>archive</kind>
         <file>rtsv7M4_T_le_v4SPD16_eabi.lib</file>
         <name>setvbuf.c.obj</name>
      </input_file>
      <input_file id="fl-cb">
         <path>C:\ti\ccs1000\ccs\tools\compiler\ti-cgt-arm_20.2.0.LTS\lib\</path>
         <kind>archive</kind>
         <file>rtsv7M4_T_le_v4SPD16_eabi.lib</file>
         <name>fd_add_t2.asm.obj</name>
      </input_file>
      <input_file id="fl-cc">
         <path>C:\ti\ccs1000\ccs\tools\compiler\ti-cgt-arm_20.2.0.LTS\lib\</path>
         <kind>archive</kind>
         <file>rtsv7M4_T_le_v4SPD16_eabi.lib</file>
         <name>fd_cmp_t2.asm.obj</name>
      </input_file>
      <input_file id="fl-cd">
         <path>C:\ti\ccs1000\ccs\tools\compiler\ti-cgt-arm_20.2.0.LTS\lib\</path>
         <kind>archive</kind>
         <file>rtsv7M4_T_le_v4SPD16_eabi.lib</file>
         <name>fd_div_t2.asm.obj</name>
      </input_file>
      <input_file id="fl-ce">
         <path>C:\ti\ccs1000\ccs\tools\compiler\ti-cgt-arm_20.2.0.LTS\lib\</path>
         <kind>archive</kind>
         <file>rtsv7M4_T_le_v4SPD16_eabi.lib</file>
         <name>fd_mul_t2.asm.obj</name>
      </input_file>
      <input_file id="fl-cf">
         <path>C:\ti\ccs1000\ccs\tools\compiler\ti-cgt-arm_20.2.0.LTS\lib\</path>
         <kind>archive</kind>
         <file>rtsv7M4_T_le_v4SPD16_eabi.lib</file>
         <name>fd_toi_t2.asm.obj</name>
      </input_file>
      <input_file id="fl-d0">
         <path>C:\ti\ccs1000\ccs\tools\compiler\ti-cgt-arm_20.2.0.LTS\lib\</path>
         <kind>archive</kind>
         <file>rtsv7M4_T_le_v4SPD16_eabi.lib</file>
         <name>i_tofd_t2.asm.obj</name>
      </input_file>
      <input_file id="fl-d1">
         <path>C:\ti\ccs1000\ccs\tools\compiler\ti-cgt-arm_20.2.0.LTS\lib\</path>
         <kind>archive</kind>
         <file>rtsv7M4_T_le_v4SPD16_eabi.lib</file>
         <name>memcpy_t2.asm.obj</name>
      </input_file>
      <input_file id="fl-d2">
         <path>C:\ti\ccs1000\ccs\tools\compiler\ti-cgt-arm_20.2.0.LTS\lib\</path>
         <kind>archive</kind>
         <file>rtsv7M4_T_le_v4SPD16_eabi.lib</file>
         <name>memset_t2.asm.obj</name>
      </input_file>
      <input_file id="fl-d3">
         <path>C:\ti\ccs1000\ccs\tools\compiler\ti-cgt-arm_20.2.0.LTS\lib\</path>
         <kind>archive</kind>
         <file>rtsv7M4_T_le_v4SPD16_eabi.lib</file>
         <name>ull_div_t2.asm.obj</name>
      </input_file>
      <input_file id="fl-d4">
         <path>C:\ti\ccs1000\ccs\tools\compiler\ti-cgt-arm_20.2.0.LTS\lib\</path>
         <kind>archive</kind>
         <file>rtsv7M4_T_le_v4SPD16_eabi.lib</file>
         <name>u_divt2.asm.obj</name>
      </input_file>
      <input_file id="fl-d5">
         <path>C:\ti\ccs1000\ccs\tools\compiler\ti-cgt-arm_20.2.0.LTS\lib\</path>
         <kind>archive</kind>
         <file>rtsv7M4_T_le_v4SPD16_eabi.lib</file>
         <name>copy_zero_init.c.obj</name>
      </input_file>
      <input_file id="fl-d6">
         <path>C:\ti\ccs1000\ccs\tools\compiler\ti-cgt-arm_20.2.0.LTS\lib\</path>
         <kind>archive</kind>
         <file>rtsv7M4_T_le_v4SPD16_eabi.lib</file>
         <name>copy_decompress_none.c.obj</name>
      </input_file>
      <input_file id="fl-d7">
         <path>C:\ti\ccs1000\ccs\tools\compiler\ti-cgt-arm_20.2.0.LTS\lib\</path>
         <kind>archive</kind>
         <file>rtsv7M4_T_le_v4SPD16_eabi.lib</file>
         <name>copy_decompress_lzss.c.obj</name>
      </input_file>
      <input_file id="fl-d8">
         <path>C:\ti\ccs1000\ccs\tools\compiler\ti-cgt-arm_20.2.0.LTS\lib\</path>
         <kind>archive</kind>
         <file>rtsv7M4_T_le_v4SPD16_eabi.lib</file>
         <name>exit.c.obj</name>
      </input_file>
      <input_file id="fl-d9">
         <path>C:\ti\ccs1000\ccs\tools\compiler\ti-cgt-arm_20.2.0.LTS\lib\</path>
         <kind>archive</kind>
         <file>rtsv7M4_T_le_v4SPD16_eabi.lib</file>
         <name>_lock.c.obj</name>
      </input_file>
      <input_file id="fl-da">
         <path>C:\ti\ccs1000\ccs\tools\compiler\ti-cgt-arm_20.2.0.LTS\lib\</path>
         <kind>archive</kind>
         <file>rtsv7M4_T_le_v4SPD16_eabi.lib</file>
         <name>_ltoa.c.obj</name>
      </input_file>
      <input_file id="fl-db">
         <path>C:\ti\ccs1000\ccs\tools\compiler\ti-cgt-arm_20.2.0.LTS\lib\</path>
         <kind>archive</kind>
         <file>rtsv7M4_T_le_v4SPD16_eabi.lib</file>
         <name>atoi.c.obj</name>
      </input_file>
      <input_file id="fl-dc">
         <path>C:\ti\ccs1000\ccs\tools\compiler\ti-cgt-arm_20.2.0.LTS\lib\</path>
         <kind>archive</kind>
         <file>rtsv7M4_T_le_v4SPD16_eabi.lib</file>
         <name>ctype.c.obj</name>
      </input_file>
      <input_file id="fl-dd">
         <path>C:\ti\ccs1000\ccs\tools\compiler\ti-cgt-arm_20.2.0.LTS\lib\</path>
         <kind>archive</kind>
         <file>rtsv7M4_T_le_v4SPD16_eabi.lib</file>
         <name>defs.c.obj</name>
      </input_file>
      <input_file id="fl-de">
         <path>C:\ti\ccs1000\ccs\tools\compiler\ti-cgt-arm_20.2.0.LTS\lib\</path>
         <kind>archive</kind>
         <file>rtsv7M4_T_le_v4SPD16_eabi.lib</file>
         <name>memccpy.c.obj</name>
      </input_file>
      <input_file id="fl-df">
         <path>C:\ti\ccs1000\ccs\tools\compiler\ti-cgt-arm_20.2.0.LTS\lib\</path>
         <kind>archive</kind>
         <file>rtsv7M4_T_le_v4SPD16_eabi.lib</file>
         <name>memchr.c.obj</name>
      </input_file>
      <input_file id="fl-e0">
         <path>C:\ti\ccs1000\ccs\tools\compiler\ti-cgt-arm_20.2.0.LTS\lib\</path>
         <kind>archive</kind>
         <file>rtsv7M4_T_le_v4SPD16_eabi.lib</file>
         <name>memory.c.obj</name>
      </input_file>
      <input_file id="fl-e1">
         <path>C:\ti\ccs1000\ccs\tools\compiler\ti-cgt-arm_20.2.0.LTS\lib\</path>
         <kind>archive</kind>
         <file>rtsv7M4_T_le_v4SPD16_eabi.lib</file>
         <name>strchr.c.obj</name>
      </input_file>
      <input_file id="fl-e2">
         <path>C:\ti\ccs1000\ccs\tools\compiler\ti-cgt-arm_20.2.0.LTS\lib\</path>
         <kind>archive</kind>
         <file>rtsv7M4_T_le_v4SPD16_eabi.lib</file>
         <name>strlen.c.obj</name>
      </input_file>
      <input_file id="fl-e3">
         <path>C:\ti\ccs1000\ccs\tools\compiler\ti-cgt-arm_20.2.0.LTS\lib\</path>
         <kind>archive</kind>
         <file>rtsv7M4_T_le_v4SPD16_eabi.lib</file>
         <name>write.c.obj</name>
      </input_file>
      <input_file id="fl-e4">
         <path>C:\ti\ccs1000\ccs\tools\compiler\ti-cgt-arm_20.2.0.LTS\lib\</path>
         <kind>archive</kind>
         <file>rtsv7M4_T_le_v4SPD16_eabi.lib</file>
         <name>host_device.c.obj</name>
      </input_file>
      <input_file id="fl-e5">
         <path>C:\ti\ccs1000\ccs\tools\compiler\ti-cgt-arm_20.2.0.LTS\lib\</path>
         <kind>archive</kind>
         <file>rtsv7M4_T_le_v4SPD16_eabi.lib</file>
         <name>errno.c.obj</name>
      </input_file>
      <input_file id="fl-e6">
         <path>C:\ti\ccs1000\ccs\tools\compiler\ti-cgt-arm_20.2.0.LTS\lib\</path>
         <kind>archive</kind>
         <file>rtsv7M4_T_le_v4SPD16_eabi.lib</file>
         <name>boot_cortex_m.c.obj</name>
      </input_file>
      <input_file id="fl-e7">
         <path>C:\ti\ccs1000\ccs\tools\compiler\ti-cgt-arm_20.2.0.LTS\lib\</path>
         <kind>archive</kind>
         <file>rtsv7M4_T_le_v4SPD16_eabi.lib</file>
         <name>s_frexp.c.obj</name>
      </input_file>
      <input_file id="fl-e8">
         <path>C:\ti\ccs1000\ccs\tools\compiler\ti-cgt-arm_20.2.0.LTS\lib\</path>
         <kind>archive</kind>
         <file>rtsv7M4_T_le_v4SPD16_eabi.lib</file>
         <name>s_scalbn.c.obj</name>
      </input_file>
      <input_file id="fl-e9">
         <path>C:\ti\ccs1000\ccs\tools\compiler\ti-cgt-arm_20.2.0.LTS\lib\</path>
         <kind>archive</kind>
         <file>rtsv7M4_T_le_v4SPD16_eabi.lib</file>
         <name>s_copysign.c.obj</name>
      </input_file>
      <input_file id="fl-ea">
         <path>C:\ti\ccs1000\ccs\tools\compiler\ti-cgt-arm_20.2.0.LTS\lib\</path>
         <kind>archive</kind>
         <file>rtsv7M4_T_le_v4SPD16_eabi.lib</file>
         <name>wcslen.c.obj</name>
      </input_file>
      <input_file id="fl-eb">
         <path>C:\ti\ccs1000\ccs\tools\compiler\ti-cgt-arm_20.2.0.LTS\lib\</path>
         <kind>archive</kind>
         <file>rtsv7M4_T_le_v4SPD16_eabi.lib</file>
         <name>fflush.c.obj</name>
      </input_file>
      <input_file id="fl-ec">
         <path>C:\ti\ccs1000\ccs\tools\compiler\ti-cgt-arm_20.2.0.LTS\lib\</path>
         <kind>archive</kind>
         <file>rtsv7M4_T_le_v4SPD16_eabi.lib</file>
         <name>fopen.c.obj</name>
      </input_file>
      <input_file id="fl-ed">
         <path>C:\ti\ccs1000\ccs\tools\compiler\ti-cgt-arm_20.2.0.LTS\lib\</path>
         <kind>archive</kind>
         <file>rtsv7M4_T_le_v4SPD16_eabi.lib</file>
         <name>fseek.c.obj</name>
      </input_file>
      <input_file id="fl-ee">
         <path>C:\ti\ccs1000\ccs\tools\compiler\ti-cgt-arm_20.2.0.LTS\lib\</path>
         <kind>archive</kind>
         <file>rtsv7M4_T_le_v4SPD16_eabi.lib</file>
         <name>div0.asm.obj</name>
      </input_file>
      <input_file id="fl-ef">
         <path>C:\ti\ccs1000\ccs\tools\compiler\ti-cgt-arm_20.2.0.LTS\lib\</path>
         <kind>archive</kind>
         <file>rtsv7M4_T_le_v4SPD16_eabi.lib</file>
         <name>autoinit.c.obj</name>
      </input_file>
      <input_file id="fl-f0">
         <path>C:\ti\ccs1000\ccs\tools\compiler\ti-cgt-arm_20.2.0.LTS\lib\</path>
         <kind>archive</kind>
         <file>rtsv7M4_T_le_v4SPD16_eabi.lib</file>
         <name>pre_init.c.obj</name>
      </input_file>
      <input_file id="fl-f1">
         <path>C:\ti\ccs1000\ccs\tools\compiler\ti-cgt-arm_20.2.0.LTS\lib\</path>
         <kind>archive</kind>
         <file>rtsv7M4_T_le_v4SPD16_eabi.lib</file>
         <name>cpy_tbl.c.obj</name>
      </input_file>
      <input_file id="fl-f2">
         <path>C:\ti\ccs1000\ccs\tools\compiler\ti-cgt-arm_20.2.0.LTS\lib\</path>
         <kind>archive</kind>
         <file>rtsv7M4_T_le_v4SPD16_eabi.lib</file>
         <name>args_main.c.obj</name>
      </input_file>
      <input_file id="fl-f3">
         <path>C:\ti\ccs1000\ccs\tools\compiler\ti-cgt-arm_20.2.0.LTS\lib\</path>
         <kind>archive</kind>
         <file>rtsv7M4_T_le_v4SPD16_eabi.lib</file>
         <name>hostclose.c.obj</name>
      </input_file>
      <input_file id="fl-f4">
         <path>C:\ti\ccs1000\ccs\tools\compiler\ti-cgt-arm_20.2.0.LTS\lib\</path>
         <kind>archive</kind>
         <file>rtsv7M4_T_le_v4SPD16_eabi.lib</file>
         <name>hostlseek.c.obj</name>
      </input_file>
      <input_file id="fl-f5">
         <path>C:\ti\ccs1000\ccs\tools\compiler\ti-cgt-arm_20.2.0.LTS\lib\</path>
         <kind>archive</kind>
         <file>rtsv7M4_T_le_v4SPD16_eabi.lib</file>
         <name>hostopen.c.obj</name>
      </input_file>
      <input_file id="fl-f6">
         <path>C:\ti\ccs1000\ccs\tools\compiler\ti-cgt-arm_20.2.0.LTS\lib\</path>
         <kind>archive</kind>
         <file>rtsv7M4_T_le_v4SPD16_eabi.lib</file>
         <name>hostread.c.obj</name>
      </input_file>
      <input_file id="fl-f7">
         <path>C:\ti\ccs1000\ccs\tools\compiler\ti-cgt-arm_20.2.0.LTS\lib\</path>
         <kind>archive</kind>
         <file>rtsv7M4_T_le_v4SPD16_eabi.lib</file>
         <name>hostrename.c.obj</name>
      </input_file>
      <input_file id="fl-f8">
         <path>C:\ti\ccs1000\ccs\tools\compiler\ti-cgt-arm_20.2.0.LTS\lib\</path>
         <kind>archive</kind>
         <file>rtsv7M4_T_le_v4SPD16_eabi.lib</file>
         <name>hostunlink.c.obj</name>
      </input_file>
      <input_file id="fl-f9">
         <path>C:\ti\ccs1000\ccs\tools\compiler\ti-cgt-arm_20.2.0.LTS\lib\</path>
         <kind>archive</kind>
         <file>rtsv7M4_T_le_v4SPD16_eabi.lib</file>
         <name>hostwrite.c.obj</name>
      </input_file>
      <input_file id="fl-fa">
         <path>C:\ti\ccs1000\ccs\tools\compiler\ti-cgt-arm_20.2.0.LTS\lib\</path>
         <kind>archive</kind>
         <file>rtsv7M4_T_le_v4SPD16_eabi.lib</file>
         <name>trgmsg.c.obj</name>
      </input_file>
      <input_file id="fl-fb">
         <path>C:\ti\ccs1000\ccs\tools\compiler\ti-cgt-arm_20.2.0.LTS\lib\</path>
         <kind>archive</kind>
         <file>rtsv7M4_T_le_v4SPD16_eabi.lib</file>
         <name>open.c.obj</name>
      </input_file>
      <input_file id="fl-fc">
         <path>C:\ti\ccs1000\ccs\tools\compiler\ti-cgt-arm_20.2.0.LTS\lib\</path>
         <kind>archive</kind>
         <file>rtsv7M4_T_le_v4SPD16_eabi.lib</file>
         <name>lseek.c.obj</name>
      </input_file>
      <input_file id="fl-fd">
         <path>C:\ti\ccs1000\ccs\tools\compiler\ti-cgt-arm_20.2.0.LTS\lib\</path>
         <kind>archive</kind>
         <file>rtsv7M4_T_le_v4SPD16_eabi.lib</file>
         <name>fclose.c.obj</name>
      </input_file>
      <input_file id="fl-fe">
         <path>C:\ti\ccs1000\ccs\tools\compiler\ti-cgt-arm_20.2.0.LTS\lib\</path>
         <kind>archive</kind>
         <file>rtsv7M4_T_le_v4SPD16_eabi.lib</file>
         <name>getdevice.c.obj</name>
      </input_file>
      <input_file id="fl-ff">
         <path>C:\ti\ccs1000\ccs\tools\compiler\ti-cgt-arm_20.2.0.LTS\lib\</path>
         <kind>archive</kind>
         <file>rtsv7M4_T_le_v4SPD16_eabi.lib</file>
         <name>strcmp.c.obj</name>
      </input_file>
      <input_file id="fl-100">
         <path>C:\ti\ccs1000\ccs\tools\compiler\ti-cgt-arm_20.2.0.LTS\lib\</path>
         <kind>archive</kind>
         <file>rtsv7M4_T_le_v4SPD16_eabi.lib</file>
         <name>strcpy.c.obj</name>
      </input_file>
      <input_file id="fl-101">
         <path>C:\ti\ccs1000\ccs\tools\compiler\ti-cgt-arm_20.2.0.LTS\lib\</path>
         <kind>archive</kind>
         <file>rtsv7M4_T_le_v4SPD16_eabi.lib</file>
         <name>strncpy.c.obj</name>
      </input_file>
      <input_file id="fl-102">
         <path>C:\ti\ccs1000\ccs\tools\compiler\ti-cgt-arm_20.2.0.LTS\lib\</path>
         <kind>archive</kind>
         <file>rtsv7M4_T_le_v4SPD16_eabi.lib</file>
         <name>remove.c.obj</name>
      </input_file>
      <input_file id="fl-103">
         <path>C:\ti\ccs1000\ccs\tools\compiler\ti-cgt-arm_20.2.0.LTS\lib\</path>
         <kind>archive</kind>
         <file>rtsv7M4_T_le_v4SPD16_eabi.lib</file>
         <name>close.c.obj</name>
      </input_file>
      <input_file id="fl-104">
         <path>C:\ti\ccs1000\ccs\tools\compiler\ti-cgt-arm_20.2.0.LTS\lib\</path>
         <kind>archive</kind>
         <file>rtsv7M4_T_le_v4SPD16_eabi.lib</file>
         <name>unlink.c.obj</name>
      </input_file>
   </input_file_list>
   <object_component_list>
      <object_component id="oc-26">
         <name>.intvecs:retain</name>
         <load_address>0x0</load_address>
         <run_address>0x0</run_address>
         <size>0xe4</size>
         <input_file_ref idref="fl-a"/>
      </object_component>
      <object_component id="oc-1a8">
         <name>.text:__TI_printfi</name>
         <load_address>0xe4</load_address>
         <run_address>0xe4</run_address>
         <size>0xa4e</size>
         <input_file_ref idref="fl-c6"/>
      </object_component>
      <object_component id="oc-26c">
         <name>.text:_nop</name>
         <load_address>0xb32</load_address>
         <run_address>0xb32</run_address>
         <size>0x2</size>
         <input_file_ref idref="fl-d9"/>
      </object_component>
      <object_component id="oc-dd">
         <name>.text</name>
         <load_address>0xb34</load_address>
         <run_address>0xb34</run_address>
         <size>0x3d8</size>
         <input_file_ref idref="fl-4"/>
      </object_component>
      <object_component id="oc-76">
         <name>.text</name>
         <load_address>0xf0c</load_address>
         <run_address>0xf0c</run_address>
         <size>0x3c0</size>
         <input_file_ref idref="fl-5"/>
      </object_component>
      <object_component id="oc-be">
         <name>.text</name>
         <load_address>0x12cc</load_address>
         <run_address>0x12cc</run_address>
         <size>0x354</size>
         <input_file_ref idref="fl-b"/>
      </object_component>
      <object_component id="oc-248">
         <name>.text:_pconv_a</name>
         <load_address>0x1620</load_address>
         <run_address>0x1620</run_address>
         <size>0x270</size>
         <input_file_ref idref="fl-c6"/>
      </object_component>
      <object_component id="oc-190">
         <name>.text</name>
         <load_address>0x1890</load_address>
         <run_address>0x1890</run_address>
         <size>0x270</size>
         <input_file_ref idref="fl-6"/>
      </object_component>
      <object_component id="oc-236">
         <name>.text:_pconv_g</name>
         <load_address>0x1b00</load_address>
         <run_address>0x1b00</run_address>
         <size>0x1d0</size>
         <input_file_ref idref="fl-c6"/>
      </object_component>
      <object_component id="oc-c5">
         <name>.text</name>
         <load_address>0x1cd0</load_address>
         <run_address>0x1cd0</run_address>
         <size>0x1c8</size>
         <input_file_ref idref="fl-3"/>
      </object_component>
      <object_component id="oc-2e0">
         <name>.text</name>
         <load_address>0x1e98</load_address>
         <run_address>0x1e98</run_address>
         <size>0x1b6</size>
         <input_file_ref idref="fl-cb"/>
      </object_component>
      <object_component id="oc-208">
         <name>.text</name>
         <load_address>0x204e</load_address>
         <run_address>0x204e</run_address>
         <size>0x2</size>
         <input_file_ref idref="fl-ee"/>
      </object_component>
      <object_component id="oc-70">
         <name>.text</name>
         <load_address>0x2050</load_address>
         <run_address>0x2050</run_address>
         <size>0x1a4</size>
         <input_file_ref idref="fl-9"/>
      </object_component>
      <object_component id="oc-ac">
         <name>.text</name>
         <load_address>0x21f4</load_address>
         <run_address>0x21f4</run_address>
         <size>0x15c</size>
         <input_file_ref idref="fl-8"/>
      </object_component>
      <object_component id="oc-242">
         <name>.text:_pconv_e</name>
         <load_address>0x2350</load_address>
         <run_address>0x2350</run_address>
         <size>0x13c</size>
         <input_file_ref idref="fl-c6"/>
      </object_component>
      <object_component id="oc-2c6">
         <name>.text</name>
         <load_address>0x248c</load_address>
         <run_address>0x248c</run_address>
         <size>0x136</size>
         <input_file_ref idref="fl-cd"/>
      </object_component>
      <object_component id="oc-2f2">
         <name>.text:fcvt</name>
         <load_address>0x25c4</load_address>
         <run_address>0x25c4</run_address>
         <size>0x124</size>
         <input_file_ref idref="fl-c6"/>
      </object_component>
      <object_component id="oc-27a">
         <name>.text:fputs</name>
         <load_address>0x26e8</load_address>
         <run_address>0x26e8</run_address>
         <size>0x114</size>
         <input_file_ref idref="fl-c8"/>
      </object_component>
      <object_component id="oc-306">
         <name>.text:scalbn</name>
         <load_address>0x27fc</load_address>
         <run_address>0x27fc</run_address>
         <size>0x110</size>
         <input_file_ref idref="fl-e8"/>
      </object_component>
      <object_component id="oc-1f4">
         <name>.text:aligned_alloc</name>
         <load_address>0x290c</load_address>
         <run_address>0x290c</run_address>
         <size>0x108</size>
         <input_file_ref idref="fl-e0"/>
      </object_component>
      <object_component id="oc-2c1">
         <name>.text</name>
         <load_address>0x2a14</load_address>
         <run_address>0x2a14</run_address>
         <size>0xfc</size>
         <input_file_ref idref="fl-ce"/>
      </object_component>
      <object_component id="oc-16f">
         <name>.text:free</name>
         <load_address>0x2b10</load_address>
         <run_address>0x2b10</run_address>
         <size>0xe4</size>
         <input_file_ref idref="fl-e0"/>
      </object_component>
      <object_component id="oc-39d">
         <name>.text:setvbuf</name>
         <load_address>0x2bf4</load_address>
         <run_address>0x2bf4</run_address>
         <size>0xdc</size>
         <input_file_ref idref="fl-ca"/>
      </object_component>
      <object_component id="oc-22b">
         <name>.text:_ltostr</name>
         <load_address>0x2cd0</load_address>
         <run_address>0x2cd0</run_address>
         <size>0xb1</size>
         <input_file_ref idref="fl-c6"/>
      </object_component>
      <object_component id="oc-3a">
         <name>.text</name>
         <load_address>0x2d82</load_address>
         <run_address>0x2d82</run_address>
         <size>0x9c</size>
         <input_file_ref idref="fl-d1"/>
      </object_component>
      <object_component id="oc-2ba">
         <name>.text</name>
         <load_address>0x2e1e</load_address>
         <run_address>0x2e1e</run_address>
         <size>0x96</size>
         <input_file_ref idref="fl-d3"/>
      </object_component>
      <object_component id="oc-231">
         <name>.text:__aeabi_cdcmple</name>
         <load_address>0x2eb4</load_address>
         <run_address>0x2eb4</run_address>
         <size>0x86</size>
         <input_file_ref idref="fl-cc"/>
      </object_component>
      <object_component id="oc-2cb">
         <name>.text:__aeabi_cdrcmple</name>
         <load_address>0x2f3a</load_address>
         <run_address>0x2f3a</run_address>
         <size>0x86</size>
         <input_file_ref idref="fl-cc"/>
      </object_component>
      <object_component id="oc-a0">
         <name>.text</name>
         <load_address>0x2fc0</load_address>
         <run_address>0x2fc0</run_address>
         <size>0x7a</size>
         <input_file_ref idref="fl-d2"/>
      </object_component>
      <object_component id="oc-3f1">
         <name>.text:__TI_closefile</name>
         <load_address>0x303c</load_address>
         <run_address>0x303c</run_address>
         <size>0x74</size>
         <input_file_ref idref="fl-fd"/>
      </object_component>
      <object_component id="oc-2a4">
         <name>.text:split</name>
         <load_address>0x30b0</load_address>
         <run_address>0x30b0</run_address>
         <size>0x70</size>
         <input_file_ref idref="fl-e0"/>
      </object_component>
      <object_component id="oc-2eb">
         <name>.text:_mcpy</name>
         <load_address>0x3120</load_address>
         <run_address>0x3120</run_address>
         <size>0x6e</size>
         <input_file_ref idref="fl-c6"/>
      </object_component>
      <object_component id="oc-421">
         <name>.text:HOSTrename</name>
         <load_address>0x3190</load_address>
         <run_address>0x3190</run_address>
         <size>0x6c</size>
         <input_file_ref idref="fl-f7"/>
      </object_component>
      <object_component id="oc-415">
         <name>.text:HOSTlseek</name>
         <load_address>0x31fc</load_address>
         <run_address>0x31fc</run_address>
         <size>0x68</size>
         <input_file_ref idref="fl-f4"/>
      </object_component>
      <object_component id="oc-17">
         <name>.text:decompress:lzss:__TI_decompress_lzss</name>
         <load_address>0x3264</load_address>
         <run_address>0x3264</run_address>
         <size>0x68</size>
         <input_file_ref idref="fl-d7"/>
      </object_component>
      <object_component id="oc-11c">
         <name>.text:printf</name>
         <load_address>0x32cc</load_address>
         <run_address>0x32cc</run_address>
         <size>0x68</size>
         <input_file_ref idref="fl-c5"/>
      </object_component>
      <object_component id="oc-300">
         <name>.text:frexp</name>
         <load_address>0x3334</load_address>
         <run_address>0x3334</run_address>
         <size>0x64</size>
         <input_file_ref idref="fl-e7"/>
      </object_component>
      <object_component id="oc-397">
         <name>.text:fseek</name>
         <load_address>0x3398</load_address>
         <run_address>0x3398</run_address>
         <size>0x64</size>
         <input_file_ref idref="fl-ed"/>
      </object_component>
      <object_component id="oc-337">
         <name>.text:__TI_wrt_ok</name>
         <load_address>0x33fc</load_address>
         <run_address>0x33fc</run_address>
         <size>0x62</size>
         <input_file_ref idref="fl-c9"/>
      </object_component>
      <object_component id="oc-3fd">
         <name>.text:HOSTopen</name>
         <load_address>0x3460</load_address>
         <run_address>0x3460</run_address>
         <size>0x60</size>
         <input_file_ref idref="fl-f5"/>
      </object_component>
      <object_component id="oc-e3">
         <name>.text</name>
         <load_address>0x34c0</load_address>
         <run_address>0x34c0</run_address>
         <size>0x5e</size>
         <input_file_ref idref="fl-2"/>
      </object_component>
      <object_component id="oc-42d">
         <name>.text:close</name>
         <load_address>0x3520</load_address>
         <run_address>0x3520</run_address>
         <size>0x5c</size>
         <input_file_ref idref="fl-103"/>
      </object_component>
      <object_component id="oc-409">
         <name>.text:HOSTread</name>
         <load_address>0x357c</load_address>
         <run_address>0x357c</run_address>
         <size>0x58</size>
         <input_file_ref idref="fl-f6"/>
      </object_component>
      <object_component id="oc-40f">
         <name>.text:HOSTwrite</name>
         <load_address>0x35d4</load_address>
         <run_address>0x35d4</run_address>
         <size>0x58</size>
         <input_file_ref idref="fl-f9"/>
      </object_component>
      <object_component id="oc-23c">
         <name>.text:_pconv_f</name>
         <load_address>0x362c</load_address>
         <run_address>0x362c</run_address>
         <size>0x56</size>
         <input_file_ref idref="fl-c6"/>
      </object_component>
      <object_component id="oc-2d5">
         <name>.text:__TI_ltoa</name>
         <load_address>0x3682</load_address>
         <run_address>0x3682</run_address>
         <size>0x54</size>
         <input_file_ref idref="fl-da"/>
      </object_component>
      <object_component id="oc-2e5">
         <name>.text:_ecpy</name>
         <load_address>0x36d6</load_address>
         <run_address>0x36d6</run_address>
         <size>0x52</size>
         <input_file_ref idref="fl-c6"/>
      </object_component>
      <object_component id="oc-343">
         <name>.text:__TI_doflush</name>
         <load_address>0x3728</load_address>
         <run_address>0x3728</run_address>
         <size>0x4c</size>
         <input_file_ref idref="fl-eb"/>
      </object_component>
      <object_component id="oc-225">
         <name>.text:atoi</name>
         <load_address>0x3774</load_address>
         <run_address>0x3774</run_address>
         <size>0x4c</size>
         <input_file_ref idref="fl-db"/>
      </object_component>
      <object_component id="oc-130">
         <name>.text:exit</name>
         <load_address>0x37c0</load_address>
         <run_address>0x37c0</run_address>
         <size>0x48</size>
         <input_file_ref idref="fl-d8"/>
      </object_component>
      <object_component id="oc-2d0">
         <name>.text</name>
         <load_address>0x3808</load_address>
         <run_address>0x3808</run_address>
         <size>0x48</size>
         <input_file_ref idref="fl-cf"/>
      </object_component>
      <object_component id="oc-403">
         <name>.text:HOSTclose</name>
         <load_address>0x3850</load_address>
         <run_address>0x3850</run_address>
         <size>0x44</size>
         <input_file_ref idref="fl-f3"/>
      </object_component>
      <object_component id="oc-41b">
         <name>.text:HOSTunlink</name>
         <load_address>0x3894</load_address>
         <run_address>0x3894</run_address>
         <size>0x44</size>
         <input_file_ref idref="fl-f8"/>
      </object_component>
      <object_component id="oc-136">
         <name>.text:__TI_auto_init_nobinit_nopinit:__TI_auto_init_nobinit_nopinit</name>
         <load_address>0x38d8</load_address>
         <run_address>0x38d8</run_address>
         <size>0x44</size>
         <input_file_ref idref="fl-ef"/>
      </object_component>
      <object_component id="oc-462">
         <name>.text:getdevice</name>
         <load_address>0x391c</load_address>
         <run_address>0x391c</run_address>
         <size>0x44</size>
         <input_file_ref idref="fl-fe"/>
      </object_component>
      <object_component id="oc-175">
         <name>.text</name>
         <load_address>0x3960</load_address>
         <run_address>0x3960</run_address>
         <size>0x40</size>
         <input_file_ref idref="fl-d4"/>
      </object_component>
      <object_component id="oc-122">
         <name>.text:sprintf</name>
         <load_address>0x39a0</load_address>
         <run_address>0x39a0</run_address>
         <size>0x40</size>
         <input_file_ref idref="fl-c7"/>
      </object_component>
      <object_component id="oc-2f8">
         <name>.text:_fcpy</name>
         <load_address>0x39e0</load_address>
         <run_address>0x39e0</run_address>
         <size>0x3e</size>
         <input_file_ref idref="fl-c6"/>
      </object_component>
      <object_component id="oc-43e">
         <name>.text:__TI_writemsg</name>
         <load_address>0x3a20</load_address>
         <run_address>0x3a20</run_address>
         <size>0x38</size>
         <input_file_ref idref="fl-fa"/>
      </object_component>
      <object_component id="oc-484">
         <name>.text:strncpy</name>
         <load_address>0x3a58</load_address>
         <run_address>0x3a58</run_address>
         <size>0x36</size>
         <input_file_ref idref="fl-101"/>
      </object_component>
      <object_component id="oc-3c8">
         <name>.text:__TI_cleanup</name>
         <load_address>0x3a90</load_address>
         <run_address>0x3a90</run_address>
         <size>0x34</size>
         <input_file_ref idref="fl-ec"/>
      </object_component>
      <object_component id="oc-444">
         <name>.text:__TI_readmsg</name>
         <load_address>0x3ac4</load_address>
         <run_address>0x3ac4</run_address>
         <size>0x34</size>
         <input_file_ref idref="fl-fa"/>
      </object_component>
      <object_component id="oc-58">
         <name>.text:_c_int00_noargs:_c_int00_noargs</name>
         <load_address>0x3af8</load_address>
         <run_address>0x3af8</run_address>
         <size>0x34</size>
         <input_file_ref idref="fl-e6"/>
      </object_component>
      <object_component id="oc-48a">
         <name>.text:finddevice</name>
         <load_address>0x3b2c</load_address>
         <run_address>0x3b2c</run_address>
         <size>0x30</size>
         <input_file_ref idref="fl-fe"/>
      </object_component>
      <object_component id="oc-2db">
         <name>.text</name>
         <load_address>0x3b5c</load_address>
         <run_address>0x3b5c</run_address>
         <size>0x2e</size>
         <input_file_ref idref="fl-d0"/>
      </object_component>
      <object_component id="oc-433">
         <name>.text:unlink</name>
         <load_address>0x3b8c</load_address>
         <run_address>0x3b8c</run_address>
         <size>0x2c</size>
         <input_file_ref idref="fl-104"/>
      </object_component>
      <object_component id="oc-201">
         <name>.text:free_list_insert</name>
         <load_address>0x3bb8</load_address>
         <run_address>0x3bb8</run_address>
         <size>0x28</size>
         <input_file_ref idref="fl-e0"/>
      </object_component>
      <object_component id="oc-3c0">
         <name>.text:lseek</name>
         <load_address>0x3be0</load_address>
         <run_address>0x3be0</run_address>
         <size>0x28</size>
         <input_file_ref idref="fl-fc"/>
      </object_component>
      <object_component id="oc-349">
         <name>.text:write</name>
         <load_address>0x3c08</load_address>
         <run_address>0x3c08</run_address>
         <size>0x28</size>
         <input_file_ref idref="fl-e3"/>
      </object_component>
      <object_component id="oc-33d">
         <name>.text:memchr</name>
         <load_address>0x3c30</load_address>
         <run_address>0x3c30</run_address>
         <size>0x20</size>
         <input_file_ref idref="fl-df"/>
      </object_component>
      <object_component id="oc-46">
         <name>.text:decompress:ZI:__TI_zero_init_nomemset:__TI_zero_init_nomemset</name>
         <load_address>0x3c50</load_address>
         <run_address>0x3c50</run_address>
         <size>0x1c</size>
         <input_file_ref idref="fl-d5"/>
      </object_component>
      <object_component id="oc-1fb">
         <name>.text:free_list_remove</name>
         <load_address>0x3c6c</load_address>
         <run_address>0x3c6c</run_address>
         <size>0x1c</size>
         <input_file_ref idref="fl-e0"/>
      </object_component>
      <object_component id="oc-7c">
         <name>.text</name>
         <load_address>0x3c88</load_address>
         <run_address>0x3c88</run_address>
         <size>0x1c</size>
         <input_file_ref idref="fl-7"/>
      </object_component>
      <object_component id="oc-24e">
         <name>.text:memccpy</name>
         <load_address>0x3ca4</load_address>
         <run_address>0x3ca4</run_address>
         <size>0x1c</size>
         <input_file_ref idref="fl-de"/>
      </object_component>
      <object_component id="oc-37b">
         <name>.text:copysign</name>
         <load_address>0x3cc0</load_address>
         <run_address>0x3cc0</run_address>
         <size>0x1a</size>
         <input_file_ref idref="fl-e9"/>
      </object_component>
      <object_component id="oc-1c7">
         <name>.text:_outs</name>
         <load_address>0x3cda</load_address>
         <run_address>0x3cda</run_address>
         <size>0x18</size>
         <input_file_ref idref="fl-c7"/>
      </object_component>
      <object_component id="oc-4a1">
         <name>.text:strcmp</name>
         <load_address>0x3cf2</load_address>
         <run_address>0x3cf2</run_address>
         <size>0x18</size>
         <input_file_ref idref="fl-ff"/>
      </object_component>
      <object_component id="oc-30c">
         <name>.text:strchr</name>
         <load_address>0x3d0a</load_address>
         <run_address>0x3d0a</run_address>
         <size>0x16</size>
         <input_file_ref idref="fl-e1"/>
      </object_component>
      <object_component id="oc-458">
         <name>.text:strcpy</name>
         <load_address>0x3d20</load_address>
         <run_address>0x3d20</run_address>
         <size>0x14</size>
         <input_file_ref idref="fl-100"/>
      </object_component>
      <object_component id="oc-21f">
         <name>.text:strlen</name>
         <load_address>0x3d34</load_address>
         <run_address>0x3d34</run_address>
         <size>0x14</size>
         <input_file_ref idref="fl-e2"/>
      </object_component>
      <object_component id="oc-254">
         <name>.text:wcslen</name>
         <load_address>0x3d48</load_address>
         <run_address>0x3d48</run_address>
         <size>0x12</size>
         <input_file_ref idref="fl-ea"/>
      </object_component>
      <object_component id="oc-1d">
         <name>.text:decompress:none:__TI_decompress_none</name>
         <load_address>0x3d5a</load_address>
         <run_address>0x3d5a</run_address>
         <size>0xe</size>
         <input_file_ref idref="fl-d6"/>
      </object_component>
      <object_component id="oc-6a">
         <name>.text</name>
         <load_address>0x3d68</load_address>
         <run_address>0x3d68</run_address>
         <size>0xe</size>
         <input_file_ref idref="fl-a"/>
      </object_component>
      <object_component id="oc-1cd">
         <name>.text:_outc</name>
         <load_address>0x3d76</load_address>
         <run_address>0x3d76</run_address>
         <size>0xa</size>
         <input_file_ref idref="fl-c7"/>
      </object_component>
      <object_component id="oc-25a">
         <name>.text:__aeabi_errno_addr</name>
         <load_address>0x3d80</load_address>
         <run_address>0x3d80</run_address>
         <size>0x8</size>
         <input_file_ref idref="fl-e5"/>
      </object_component>
      <object_component id="oc-169">
         <name>.text:malloc</name>
         <load_address>0x3d88</load_address>
         <run_address>0x3d88</run_address>
         <size>0x8</size>
         <input_file_ref idref="fl-e0"/>
      </object_component>
      <object_component id="oc-1ba">
         <name>.text:_outc</name>
         <load_address>0x3d90</load_address>
         <run_address>0x3d90</run_address>
         <size>0x4</size>
         <input_file_ref idref="fl-c5"/>
      </object_component>
      <object_component id="oc-1b4">
         <name>.text:_outs</name>
         <load_address>0x3d94</load_address>
         <run_address>0x3d94</run_address>
         <size>0x4</size>
         <input_file_ref idref="fl-c5"/>
      </object_component>
      <object_component id="oc-a6">
         <name>.text:_system_pre_init</name>
         <load_address>0x3d98</load_address>
         <run_address>0x3d98</run_address>
         <size>0x4</size>
         <input_file_ref idref="fl-f0"/>
      </object_component>
      <object_component id="oc-12a">
         <name>.text:abort:abort</name>
         <load_address>0x3d9c</load_address>
         <run_address>0x3d9c</run_address>
         <size>0x4</size>
         <input_file_ref idref="fl-d8"/>
      </object_component>
      <object_component id="oc-2b5">
         <name>.const:.string:_ctypes_</name>
         <load_address>0x3da0</load_address>
         <run_address>0x3da0</run_address>
         <size>0x101</size>
         <input_file_ref idref="fl-dc"/>
      </object_component>
      <object_component id="oc-4e1">
         <name>.cinit..data.load</name>
         <load_address>0x3ea8</load_address>
         <run_address>0x3ea8</run_address>
         <size>0x7c</size>
      </object_component>
      <object_component id="oc-4df">
         <name>__TI_handler_table</name>
         <load_address>0x3f24</load_address>
         <run_address>0x3f24</run_address>
         <size>0xc</size>
      </object_component>
      <object_component id="oc-4e2">
         <name>.cinit..bss.load</name>
         <load_address>0x3f30</load_address>
         <run_address>0x3f30</run_address>
         <size>0x8</size>
      </object_component>
      <object_component id="oc-4e0">
         <name>__TI_cinit_table</name>
         <load_address>0x3f38</load_address>
         <run_address>0x3f38</run_address>
         <size>0x10</size>
      </object_component>
      <object_component id="oc-4b3">
         <name>.binit</name>
         <load_address>0x0</load_address>
         <run_address>0x0</run_address>
         <size>0x0</size>
      </object_component>
      <object_component id="oc-196">
         <name>.data:SEVEN_SEG_LUT</name>
         <load_address>0x200007f0</load_address>
         <run_address>0x200007f0</run_address>
         <size>0xa</size>
         <input_file_ref idref="fl-4"/>
      </object_component>
      <object_component id="oc-e9">
         <name>.data</name>
         <load_address>0x20000814</load_address>
         <run_address>0x20000814</run_address>
         <size>0x3</size>
         <input_file_ref idref="fl-5"/>
      </object_component>
      <object_component id="oc-ef">
         <name>.data</name>
         <load_address>0x200007fa</load_address>
         <run_address>0x200007fa</run_address>
         <size>0x1</size>
         <input_file_ref idref="fl-7"/>
      </object_component>
      <object_component id="oc-cf">
         <name>.data</name>
         <load_address>0x20000818</load_address>
         <run_address>0x20000818</run_address>
         <size>0x3</size>
         <input_file_ref idref="fl-9"/>
      </object_component>
      <object_component id="oc-ec">
         <name>.data</name>
         <load_address>0x20000810</load_address>
         <run_address>0x20000810</run_address>
         <size>0x4</size>
         <input_file_ref idref="fl-b"/>
      </object_component>
      <object_component id="oc-1d8">
         <name>.data:$O1$$</name>
         <load_address>0x200007e4</load_address>
         <run_address>0x200007e4</run_address>
         <size>0xc</size>
         <input_file_ref idref="fl-d8"/>
      </object_component>
      <object_component id="oc-1ae">
         <name>.data:$O1$$</name>
         <load_address>0x200007fc</load_address>
         <run_address>0x200007fc</run_address>
         <size>0x8</size>
         <input_file_ref idref="fl-d9"/>
      </object_component>
      <object_component id="oc-1b1">
         <name>.data:_ftable</name>
         <load_address>0x2000061c</load_address>
         <run_address>0x2000061c</run_address>
         <size>0xf0</size>
         <input_file_ref idref="fl-dd"/>
      </object_component>
      <object_component id="oc-3f7">
         <name>.data</name>
         <load_address>0x200007d4</load_address>
         <run_address>0x200007d4</run_address>
         <size>0x10</size>
         <input_file_ref idref="fl-dd"/>
      </object_component>
      <object_component id="oc-2aa">
         <name>.data:$O1$$</name>
         <load_address>0x20000804</load_address>
         <run_address>0x20000804</run_address>
         <size>0x8</size>
         <input_file_ref idref="fl-e0"/>
      </object_component>
      <object_component id="oc-3db">
         <name>.data:_device</name>
         <load_address>0x2000070c</load_address>
         <run_address>0x2000070c</run_address>
         <size>0x78</size>
         <input_file_ref idref="fl-e4"/>
      </object_component>
      <object_component id="oc-3a9">
         <name>.data:_stream</name>
         <load_address>0x20000784</load_address>
         <run_address>0x20000784</run_address>
         <size>0x50</size>
         <input_file_ref idref="fl-e4"/>
      </object_component>
      <object_component id="oc-31c">
         <name>.data</name>
         <load_address>0x2000080c</load_address>
         <run_address>0x2000080c</run_address>
         <size>0x4</size>
         <input_file_ref idref="fl-e5"/>
      </object_component>
      <object_component id="oc-46c">
         <name>.bss:_CIOBUF_</name>
         <uninitialized>true</uninitialized>
         <run_address>0x20000400</run_address>
         <size>0x120</size>
         <input_file_ref idref="fl-fa"/>
      </object_component>
      <object_component id="oc-ce">
         <name>.common:Rx_String</name>
         <uninitialized>true</uninitialized>
         <run_address>0x200005c0</run_address>
         <size>0x50</size>
      </object_component>
      <object_component id="oc-cb">
         <name>.common:Tx_Buffer</name>
         <uninitialized>true</uninitialized>
         <run_address>0x20000618</run_address>
         <size>0x4</size>
      </object_component>
      <object_component id="oc-439">
         <name>.common:__TI_tmpnams</name>
         <uninitialized>true</uninitialized>
         <run_address>0x20000520</run_address>
         <size>0xa0</size>
      </object_component>
      <object_component id="oc-44a">
         <name>.common:parmbuf</name>
         <uninitialized>true</uninitialized>
         <run_address>0x20000610</run_address>
         <size>0x8</size>
      </object_component>
      <object_component id="oc-29">
         <name>.sysmem</name>
         <uninitialized>true</uninitialized>
         <run_address>0x20000000</run_address>
         <size>0x10</size>
         <input_file_ref idref="fl-e0"/>
      </object_component>
      <object_component id="oc-4e5">
         <name>.sysmem</name>
         <uninitialized>true</uninitialized>
         <run_address>0x20000000</run_address>
         <size>0x0</size>
      </object_component>
      <object_component id="oc-2c">
         <name>.stack</name>
         <uninitialized>true</uninitialized>
         <run_address>0x2000fe00</run_address>
         <size>0x4</size>
         <input_file_ref idref="fl-e6"/>
      </object_component>
      <object_component id="oc-4e4">
         <name>.stack</name>
         <uninitialized>true</uninitialized>
         <run_address>0x2000fe00</run_address>
         <size>0x0</size>
      </object_component>
      <object_component id="oc-18f">
         <name>.debug_info</name>
         <load_address>0x0</load_address>
         <run_address>0x0</run_address>
         <size>0x5a4</size>
         <input_file_ref idref="fl-2"/>
      </object_component>
      <object_component id="oc-e4">
         <name>.debug_info</name>
         <load_address>0x5a4</load_address>
         <run_address>0x5a4</run_address>
         <size>0x518</size>
         <input_file_ref idref="fl-2"/>
      </object_component>
      <object_component id="oc-fb">
         <name>.debug_info</name>
         <load_address>0xabc</load_address>
         <run_address>0xabc</run_address>
         <size>0x26b</size>
         <input_file_ref idref="fl-2"/>
      </object_component>
      <object_component id="oc-183">
         <name>.debug_info</name>
         <load_address>0xd27</load_address>
         <run_address>0xd27</run_address>
         <size>0x1055</size>
         <input_file_ref idref="fl-2"/>
      </object_component>
      <object_component id="oc-d8">
         <name>.debug_info</name>
         <load_address>0x1d7c</load_address>
         <run_address>0x1d7c</run_address>
         <size>0x37e2</size>
         <input_file_ref idref="fl-2"/>
      </object_component>
      <object_component id="oc-35">
         <name>.debug_info</name>
         <load_address>0x555e</load_address>
         <run_address>0x555e</run_address>
         <size>0x84</size>
         <input_file_ref idref="fl-2"/>
      </object_component>
      <object_component id="oc-1a3">
         <name>.debug_info</name>
         <load_address>0x55e2</load_address>
         <run_address>0x55e2</run_address>
         <size>0x2a4</size>
         <input_file_ref idref="fl-2"/>
      </object_component>
      <object_component id="oc-f3">
         <name>.debug_info</name>
         <load_address>0x5886</load_address>
         <run_address>0x5886</run_address>
         <size>0xbb</size>
         <input_file_ref idref="fl-2"/>
      </object_component>
      <object_component id="oc-17b">
         <name>.debug_info</name>
         <load_address>0x5941</load_address>
         <run_address>0x5941</run_address>
         <size>0x2fc</size>
         <input_file_ref idref="fl-3"/>
      </object_component>
      <object_component id="oc-c6">
         <name>.debug_info</name>
         <load_address>0x5c3d</load_address>
         <run_address>0x5c3d</run_address>
         <size>0x7cb</size>
         <input_file_ref idref="fl-3"/>
      </object_component>
      <object_component id="oc-17e">
         <name>.debug_info</name>
         <load_address>0x6408</load_address>
         <run_address>0x6408</run_address>
         <size>0x86</size>
         <input_file_ref idref="fl-3"/>
      </object_component>
      <object_component id="oc-210">
         <name>.debug_info</name>
         <load_address>0x648e</load_address>
         <run_address>0x648e</run_address>
         <size>0x110</size>
         <input_file_ref idref="fl-3"/>
      </object_component>
      <object_component id="oc-d3">
         <name>.debug_info</name>
         <load_address>0x659e</load_address>
         <run_address>0x659e</run_address>
         <size>0x8b</size>
         <input_file_ref idref="fl-3"/>
      </object_component>
      <object_component id="oc-21a">
         <name>.debug_info</name>
         <load_address>0x6629</load_address>
         <run_address>0x6629</run_address>
         <size>0x5dd</size>
         <input_file_ref idref="fl-4"/>
      </object_component>
      <object_component id="oc-197">
         <name>.debug_info</name>
         <load_address>0x6c06</load_address>
         <run_address>0x6c06</run_address>
         <size>0xf2</size>
         <input_file_ref idref="fl-4"/>
      </object_component>
      <object_component id="oc-de">
         <name>.debug_info</name>
         <load_address>0x6cf8</load_address>
         <run_address>0x6cf8</run_address>
         <size>0x840</size>
         <input_file_ref idref="fl-4"/>
      </object_component>
      <object_component id="oc-1c2">
         <name>.debug_info</name>
         <load_address>0x7538</load_address>
         <run_address>0x7538</run_address>
         <size>0x2c</size>
         <input_file_ref idref="fl-4"/>
      </object_component>
      <object_component id="oc-19d">
         <name>.debug_info</name>
         <load_address>0x7564</load_address>
         <run_address>0x7564</run_address>
         <size>0x730</size>
         <input_file_ref idref="fl-5"/>
      </object_component>
      <object_component id="oc-ea">
         <name>.debug_info</name>
         <load_address>0x7c94</load_address>
         <run_address>0x7c94</run_address>
         <size>0x14c</size>
         <input_file_ref idref="fl-5"/>
      </object_component>
      <object_component id="oc-79">
         <name>.debug_info</name>
         <load_address>0x7de0</load_address>
         <run_address>0x7de0</run_address>
         <size>0xe07</size>
         <input_file_ref idref="fl-5"/>
      </object_component>
      <object_component id="oc-194">
         <name>.debug_info</name>
         <load_address>0x8be7</load_address>
         <run_address>0x8be7</run_address>
         <size>0xda3</size>
         <input_file_ref idref="fl-6"/>
      </object_component>
      <object_component id="oc-1a2">
         <name>.debug_info</name>
         <load_address>0x998a</load_address>
         <run_address>0x998a</run_address>
         <size>0x587</size>
         <input_file_ref idref="fl-7"/>
      </object_component>
      <object_component id="oc-f0">
         <name>.debug_info</name>
         <load_address>0x9f11</load_address>
         <run_address>0x9f11</run_address>
         <size>0x104</size>
         <input_file_ref idref="fl-7"/>
      </object_component>
      <object_component id="oc-7d">
         <name>.debug_info</name>
         <load_address>0xa015</load_address>
         <run_address>0xa015</run_address>
         <size>0x14a</size>
         <input_file_ref idref="fl-7"/>
      </object_component>
      <object_component id="oc-129">
         <name>.debug_info</name>
         <load_address>0xa15f</load_address>
         <run_address>0xa15f</run_address>
         <size>0x926</size>
         <input_file_ref idref="fl-8"/>
      </object_component>
      <object_component id="oc-af">
         <name>.debug_info</name>
         <load_address>0xaa85</load_address>
         <run_address>0xaa85</run_address>
         <size>0x3cb</size>
         <input_file_ref idref="fl-8"/>
      </object_component>
      <object_component id="oc-cc">
         <name>.debug_info</name>
         <load_address>0xae50</load_address>
         <run_address>0xae50</run_address>
         <size>0x72e</size>
         <input_file_ref idref="fl-9"/>
      </object_component>
      <object_component id="oc-d0">
         <name>.debug_info</name>
         <load_address>0xb57e</load_address>
         <run_address>0xb57e</run_address>
         <size>0x121</size>
         <input_file_ref idref="fl-9"/>
      </object_component>
      <object_component id="oc-73">
         <name>.debug_info</name>
         <load_address>0xb69f</load_address>
         <run_address>0xb69f</run_address>
         <size>0x4c7</size>
         <input_file_ref idref="fl-9"/>
      </object_component>
      <object_component id="oc-188">
         <name>.debug_info</name>
         <load_address>0xbb66</load_address>
         <run_address>0xbb66</run_address>
         <size>0xcc</size>
         <input_file_ref idref="fl-9"/>
      </object_component>
      <object_component id="oc-84">
         <name>.debug_info</name>
         <load_address>0xbc32</load_address>
         <run_address>0xbc32</run_address>
         <size>0x2dd</size>
         <input_file_ref idref="fl-a"/>
      </object_component>
      <object_component id="oc-27">
         <name>.debug_info</name>
         <load_address>0xbf0f</load_address>
         <run_address>0xbf0f</run_address>
         <size>0x109</size>
         <input_file_ref idref="fl-a"/>
      </object_component>
      <object_component id="oc-6c">
         <name>.debug_info</name>
         <load_address>0xc018</load_address>
         <run_address>0xc018</run_address>
         <size>0x1d0</size>
         <input_file_ref idref="fl-a"/>
      </object_component>
      <object_component id="oc-ed">
         <name>.debug_info</name>
         <load_address>0xc1e8</load_address>
         <run_address>0xc1e8</run_address>
         <size>0x102</size>
         <input_file_ref idref="fl-b"/>
      </object_component>
      <object_component id="oc-c1">
         <name>.debug_info</name>
         <load_address>0xc2ea</load_address>
         <run_address>0xc2ea</run_address>
         <size>0x274</size>
         <input_file_ref idref="fl-b"/>
      </object_component>
      <object_component id="oc-1c1">
         <name>.debug_info</name>
         <load_address>0xc55e</load_address>
         <run_address>0xc55e</run_address>
         <size>0x3e5</size>
         <input_file_ref idref="fl-c5"/>
      </object_component>
      <object_component id="oc-1be">
         <name>.debug_info</name>
         <load_address>0xc943</load_address>
         <run_address>0xc943</run_address>
         <size>0x157</size>
         <input_file_ref idref="fl-c5"/>
      </object_component>
      <object_component id="oc-1b7">
         <name>.debug_info</name>
         <load_address>0xca9a</load_address>
         <run_address>0xca9a</run_address>
         <size>0x166</size>
         <input_file_ref idref="fl-c5"/>
      </object_component>
      <object_component id="oc-120">
         <name>.debug_info</name>
         <load_address>0xcc00</load_address>
         <run_address>0xcc00</run_address>
         <size>0x1ac</size>
         <input_file_ref idref="fl-c5"/>
      </object_component>
      <object_component id="oc-284">
         <name>.debug_info</name>
         <load_address>0xcdac</load_address>
         <run_address>0xcdac</run_address>
         <size>0xb2</size>
         <input_file_ref idref="fl-c5"/>
      </object_component>
      <object_component id="oc-261">
         <name>.debug_info</name>
         <load_address>0xce5e</load_address>
         <run_address>0xce5e</run_address>
         <size>0x590</size>
         <input_file_ref idref="fl-c6"/>
      </object_component>
      <object_component id="oc-22d">
         <name>.debug_info</name>
         <load_address>0xd3ee</load_address>
         <run_address>0xd3ee</run_address>
         <size>0x21e</size>
         <input_file_ref idref="fl-c6"/>
      </object_component>
      <object_component id="oc-2e7">
         <name>.debug_info</name>
         <load_address>0xd60c</load_address>
         <run_address>0xd60c</run_address>
         <size>0x1b3</size>
         <input_file_ref idref="fl-c6"/>
      </object_component>
      <object_component id="oc-2ed">
         <name>.debug_info</name>
         <load_address>0xd7bf</load_address>
         <run_address>0xd7bf</run_address>
         <size>0x21b</size>
         <input_file_ref idref="fl-c6"/>
      </object_component>
      <object_component id="oc-238">
         <name>.debug_info</name>
         <load_address>0xd9da</load_address>
         <run_address>0xd9da</run_address>
         <size>0x3c0</size>
         <input_file_ref idref="fl-c6"/>
      </object_component>
      <object_component id="oc-2f3">
         <name>.debug_info</name>
         <load_address>0xdd9a</load_address>
         <run_address>0xdd9a</run_address>
         <size>0x30a</size>
         <input_file_ref idref="fl-c6"/>
      </object_component>
      <object_component id="oc-2fa">
         <name>.debug_info</name>
         <load_address>0xe0a4</load_address>
         <run_address>0xe0a4</run_address>
         <size>0x215</size>
         <input_file_ref idref="fl-c6"/>
      </object_component>
      <object_component id="oc-23e">
         <name>.debug_info</name>
         <load_address>0xe2b9</load_address>
         <run_address>0xe2b9</run_address>
         <size>0x215</size>
         <input_file_ref idref="fl-c6"/>
      </object_component>
      <object_component id="oc-243">
         <name>.debug_info</name>
         <load_address>0xe4ce</load_address>
         <run_address>0xe4ce</run_address>
         <size>0x304</size>
         <input_file_ref idref="fl-c6"/>
      </object_component>
      <object_component id="oc-24a">
         <name>.debug_info</name>
         <load_address>0xe7d2</load_address>
         <run_address>0xe7d2</run_address>
         <size>0x4b5</size>
         <input_file_ref idref="fl-c6"/>
      </object_component>
      <object_component id="oc-1aa">
         <name>.debug_info</name>
         <load_address>0xec87</load_address>
         <run_address>0xec87</run_address>
         <size>0x5f4</size>
         <input_file_ref idref="fl-c6"/>
      </object_component>
      <object_component id="oc-262">
         <name>.debug_info</name>
         <load_address>0xf27b</load_address>
         <run_address>0xf27b</run_address>
         <size>0x86</size>
         <input_file_ref idref="fl-c6"/>
      </object_component>
      <object_component id="oc-328">
         <name>.debug_info</name>
         <load_address>0xf301</load_address>
         <run_address>0xf301</run_address>
         <size>0x39</size>
         <input_file_ref idref="fl-c6"/>
      </object_component>
      <object_component id="oc-392">
         <name>.debug_info</name>
         <load_address>0xf33a</load_address>
         <run_address>0xf33a</run_address>
         <size>0xb6</size>
         <input_file_ref idref="fl-c6"/>
      </object_component>
      <object_component id="oc-32d">
         <name>.debug_info</name>
         <load_address>0xf3f0</load_address>
         <run_address>0xf3f0</run_address>
         <size>0x46</size>
         <input_file_ref idref="fl-c6"/>
      </object_component>
      <object_component id="oc-267">
         <name>.debug_info</name>
         <load_address>0xf436</load_address>
         <run_address>0xf436</run_address>
         <size>0x46</size>
         <input_file_ref idref="fl-c6"/>
      </object_component>
      <object_component id="oc-323">
         <name>.debug_info</name>
         <load_address>0xf47c</load_address>
         <run_address>0xf47c</run_address>
         <size>0x2c</size>
         <input_file_ref idref="fl-c6"/>
      </object_component>
      <object_component id="oc-1d4">
         <name>.debug_info</name>
         <load_address>0xf4a8</load_address>
         <run_address>0xf4a8</run_address>
         <size>0x333</size>
         <input_file_ref idref="fl-c7"/>
      </object_component>
      <object_component id="oc-125">
         <name>.debug_info</name>
         <load_address>0xf7db</load_address>
         <run_address>0xf7db</run_address>
         <size>0x1d1</size>
         <input_file_ref idref="fl-c7"/>
      </object_component>
      <object_component id="oc-1c8">
         <name>.debug_info</name>
         <load_address>0xf9ac</load_address>
         <run_address>0xf9ac</run_address>
         <size>0x18d</size>
         <input_file_ref idref="fl-c7"/>
      </object_component>
      <object_component id="oc-1d0">
         <name>.debug_info</name>
         <load_address>0xfb39</load_address>
         <run_address>0xfb39</run_address>
         <size>0x16d</size>
         <input_file_ref idref="fl-c7"/>
      </object_component>
      <object_component id="oc-350">
         <name>.debug_info</name>
         <load_address>0xfca6</load_address>
         <run_address>0xfca6</run_address>
         <size>0x3fc</size>
         <input_file_ref idref="fl-c8"/>
      </object_component>
      <object_component id="oc-27d">
         <name>.debug_info</name>
         <load_address>0x100a2</load_address>
         <run_address>0x100a2</run_address>
         <size>0x2e2</size>
         <input_file_ref idref="fl-c8"/>
      </object_component>
      <object_component id="oc-113">
         <name>.debug_info</name>
         <load_address>0x10384</load_address>
         <run_address>0x10384</run_address>
         <size>0x2c</size>
         <input_file_ref idref="fl-c8"/>
      </object_component>
      <object_component id="oc-3a4">
         <name>.debug_info</name>
         <load_address>0x103b0</load_address>
         <run_address>0x103b0</run_address>
         <size>0x300</size>
         <input_file_ref idref="fl-c9"/>
      </object_component>
      <object_component id="oc-339">
         <name>.debug_info</name>
         <load_address>0x106b0</load_address>
         <run_address>0x106b0</run_address>
         <size>0x19c</size>
         <input_file_ref idref="fl-c9"/>
      </object_component>
      <object_component id="oc-3d0">
         <name>.debug_info</name>
         <load_address>0x1084c</load_address>
         <run_address>0x1084c</run_address>
         <size>0xbf</size>
         <input_file_ref idref="fl-c9"/>
      </object_component>
      <object_component id="oc-3cf">
         <name>.debug_info</name>
         <load_address>0x1090b</load_address>
         <run_address>0x1090b</run_address>
         <size>0x374</size>
         <input_file_ref idref="fl-ca"/>
      </object_component>
      <object_component id="oc-3a0">
         <name>.debug_info</name>
         <load_address>0x10c7f</load_address>
         <run_address>0x10c7f</run_address>
         <size>0x20b</size>
         <input_file_ref idref="fl-ca"/>
      </object_component>
      <object_component id="oc-2e3">
         <name>.debug_info</name>
         <load_address>0x10e8a</load_address>
         <run_address>0x10e8a</run_address>
         <size>0x14c</size>
         <input_file_ref idref="fl-cb"/>
      </object_component>
      <object_component id="oc-232">
         <name>.debug_info</name>
         <load_address>0x10fd6</load_address>
         <run_address>0x10fd6</run_address>
         <size>0x128</size>
         <input_file_ref idref="fl-cc"/>
      </object_component>
      <object_component id="oc-2cc">
         <name>.debug_info</name>
         <load_address>0x110fe</load_address>
         <run_address>0x110fe</run_address>
         <size>0x12a</size>
         <input_file_ref idref="fl-cc"/>
      </object_component>
      <object_component id="oc-2c9">
         <name>.debug_info</name>
         <load_address>0x11228</load_address>
         <run_address>0x11228</run_address>
         <size>0x13a</size>
         <input_file_ref idref="fl-cd"/>
      </object_component>
      <object_component id="oc-2c3">
         <name>.debug_info</name>
         <load_address>0x11362</load_address>
         <run_address>0x11362</run_address>
         <size>0x13a</size>
         <input_file_ref idref="fl-ce"/>
      </object_component>
      <object_component id="oc-2d1">
         <name>.debug_info</name>
         <load_address>0x1149c</load_address>
         <run_address>0x1149c</run_address>
         <size>0x12e</size>
         <input_file_ref idref="fl-cf"/>
      </object_component>
      <object_component id="oc-2de">
         <name>.debug_info</name>
         <load_address>0x115ca</load_address>
         <run_address>0x115ca</run_address>
         <size>0x12c</size>
         <input_file_ref idref="fl-d0"/>
      </object_component>
      <object_component id="oc-3b">
         <name>.debug_info</name>
         <load_address>0x116f6</load_address>
         <run_address>0x116f6</run_address>
         <size>0x119</size>
         <input_file_ref idref="fl-d1"/>
      </object_component>
      <object_component id="oc-a2">
         <name>.debug_info</name>
         <load_address>0x1180f</load_address>
         <run_address>0x1180f</run_address>
         <size>0x147</size>
         <input_file_ref idref="fl-d2"/>
      </object_component>
      <object_component id="oc-2bd">
         <name>.debug_info</name>
         <load_address>0x11956</load_address>
         <run_address>0x11956</run_address>
         <size>0x134</size>
         <input_file_ref idref="fl-d3"/>
      </object_component>
      <object_component id="oc-177">
         <name>.debug_info</name>
         <load_address>0x11a8a</load_address>
         <run_address>0x11a8a</run_address>
         <size>0x142</size>
         <input_file_ref idref="fl-d4"/>
      </object_component>
      <object_component id="oc-9f">
         <name>.debug_info</name>
         <load_address>0x11bcc</load_address>
         <run_address>0x11bcc</run_address>
         <size>0x2d4</size>
         <input_file_ref idref="fl-d5"/>
      </object_component>
      <object_component id="oc-49">
         <name>.debug_info</name>
         <load_address>0x11ea0</load_address>
         <run_address>0x11ea0</run_address>
         <size>0x1d2</size>
         <input_file_ref idref="fl-d5"/>
      </object_component>
      <object_component id="oc-9a">
         <name>.debug_info</name>
         <load_address>0x12072</load_address>
         <run_address>0x12072</run_address>
         <size>0x46</size>
         <input_file_ref idref="fl-d5"/>
      </object_component>
      <object_component id="oc-45">
         <name>.debug_info</name>
         <load_address>0x120b8</load_address>
         <run_address>0x120b8</run_address>
         <size>0x2a8</size>
         <input_file_ref idref="fl-d6"/>
      </object_component>
      <object_component id="oc-21">
         <name>.debug_info</name>
         <load_address>0x12360</load_address>
         <run_address>0x12360</run_address>
         <size>0x1ea</size>
         <input_file_ref idref="fl-d6"/>
      </object_component>
      <object_component id="oc-40">
         <name>.debug_info</name>
         <load_address>0x1254a</load_address>
         <run_address>0x1254a</run_address>
         <size>0x46</size>
         <input_file_ref idref="fl-d6"/>
      </object_component>
      <object_component id="oc-92">
         <name>.debug_info</name>
         <load_address>0x12590</load_address>
         <run_address>0x12590</run_address>
         <size>0x2c</size>
         <input_file_ref idref="fl-d6"/>
      </object_component>
      <object_component id="oc-90">
         <name>.debug_info</name>
         <load_address>0x125bc</load_address>
         <run_address>0x125bc</run_address>
         <size>0x29e</size>
         <input_file_ref idref="fl-d7"/>
      </object_component>
      <object_component id="oc-19">
         <name>.debug_info</name>
         <load_address>0x1285a</load_address>
         <run_address>0x1285a</run_address>
         <size>0x250</size>
         <input_file_ref idref="fl-d7"/>
      </object_component>
      <object_component id="oc-30">
         <name>.debug_info</name>
         <load_address>0x12aaa</load_address>
         <run_address>0x12aaa</run_address>
         <size>0x60</size>
         <input_file_ref idref="fl-d7"/>
      </object_component>
      <object_component id="oc-10c">
         <name>.debug_info</name>
         <load_address>0x12b0a</load_address>
         <run_address>0x12b0a</run_address>
         <size>0x46</size>
         <input_file_ref idref="fl-d7"/>
      </object_component>
      <object_component id="oc-8b">
         <name>.debug_info</name>
         <load_address>0x12b50</load_address>
         <run_address>0x12b50</run_address>
         <size>0x39</size>
         <input_file_ref idref="fl-d7"/>
      </object_component>
      <object_component id="oc-1dc">
         <name>.debug_info</name>
         <load_address>0x12b89</load_address>
         <run_address>0x12b89</run_address>
         <size>0x3ad</size>
         <input_file_ref idref="fl-d8"/>
      </object_component>
      <object_component id="oc-1d9">
         <name>.debug_info</name>
         <load_address>0x12f36</load_address>
         <run_address>0x12f36</run_address>
         <size>0x190</size>
         <input_file_ref idref="fl-d8"/>
      </object_component>
      <object_component id="oc-12d">
         <name>.debug_info</name>
         <load_address>0x130c6</load_address>
         <run_address>0x130c6</run_address>
         <size>0x122</size>
         <input_file_ref idref="fl-d8"/>
      </object_component>
      <object_component id="oc-133">
         <name>.debug_info</name>
         <load_address>0x131e8</load_address>
         <run_address>0x131e8</run_address>
         <size>0x184</size>
         <input_file_ref idref="fl-d8"/>
      </object_component>
      <object_component id="oc-274">
         <name>.debug_info</name>
         <load_address>0x1336c</load_address>
         <run_address>0x1336c</run_address>
         <size>0x2c9</size>
         <input_file_ref idref="fl-d9"/>
      </object_component>
      <object_component id="oc-1af">
         <name>.debug_info</name>
         <load_address>0x13635</load_address>
         <run_address>0x13635</run_address>
         <size>0x11e</size>
         <input_file_ref idref="fl-d9"/>
      </object_component>
      <object_component id="oc-26f">
         <name>.debug_info</name>
         <load_address>0x13753</load_address>
         <run_address>0x13753</run_address>
         <size>0x12e</size>
         <input_file_ref idref="fl-d9"/>
      </object_component>
      <object_component id="oc-36d">
         <name>.debug_info</name>
         <load_address>0x13881</load_address>
         <run_address>0x13881</run_address>
         <size>0x29c</size>
         <input_file_ref idref="fl-da"/>
      </object_component>
      <object_component id="oc-2d7">
         <name>.debug_info</name>
         <load_address>0x13b1d</load_address>
         <run_address>0x13b1d</run_address>
         <size>0x1da</size>
         <input_file_ref idref="fl-da"/>
      </object_component>
      <object_component id="oc-2b9">
         <name>.debug_info</name>
         <load_address>0x13cf7</load_address>
         <run_address>0x13cf7</run_address>
         <size>0x2b9</size>
         <input_file_ref idref="fl-db"/>
      </object_component>
      <object_component id="oc-226">
         <name>.debug_info</name>
         <load_address>0x13fb0</load_address>
         <run_address>0x13fb0</run_address>
         <size>0x17c</size>
         <input_file_ref idref="fl-db"/>
      </object_component>
      <object_component id="oc-364">
         <name>.debug_info</name>
         <load_address>0x1412c</load_address>
         <run_address>0x1412c</run_address>
         <size>0xf9</size>
         <input_file_ref idref="fl-dc"/>
      </object_component>
      <object_component id="oc-2b6">
         <name>.debug_info</name>
         <load_address>0x14225</load_address>
         <run_address>0x14225</run_address>
         <size>0x105</size>
         <input_file_ref idref="fl-dc"/>
      </object_component>
      <object_component id="oc-278">
         <name>.debug_info</name>
         <load_address>0x1432a</load_address>
         <run_address>0x1432a</run_address>
         <size>0x144</size>
         <input_file_ref idref="fl-dd"/>
      </object_component>
      <object_component id="oc-1b2">
         <name>.debug_info</name>
         <load_address>0x1446e</load_address>
         <run_address>0x1446e</run_address>
         <size>0x102</size>
         <input_file_ref idref="fl-dd"/>
      </object_component>
      <object_component id="oc-3f8">
         <name>.debug_info</name>
         <load_address>0x14570</load_address>
         <run_address>0x14570</run_address>
         <size>0x18f</size>
         <input_file_ref idref="fl-dd"/>
      </object_component>
      <object_component id="oc-314">
         <name>.debug_info</name>
         <load_address>0x146ff</load_address>
         <run_address>0x146ff</run_address>
         <size>0x2a7</size>
         <input_file_ref idref="fl-de"/>
      </object_component>
      <object_component id="oc-252">
         <name>.debug_info</name>
         <load_address>0x149a6</load_address>
         <run_address>0x149a6</run_address>
         <size>0x1b8</size>
         <input_file_ref idref="fl-de"/>
      </object_component>
      <object_component id="oc-3a6">
         <name>.debug_info</name>
         <load_address>0x14b5e</load_address>
         <run_address>0x14b5e</run_address>
         <size>0x2a5</size>
         <input_file_ref idref="fl-df"/>
      </object_component>
      <object_component id="oc-33f">
         <name>.debug_info</name>
         <load_address>0x14e03</load_address>
         <run_address>0x14e03</run_address>
         <size>0x25d</size>
         <input_file_ref idref="fl-df"/>
      </object_component>
      <object_component id="oc-87">
         <name>.debug_info</name>
         <load_address>0x15060</load_address>
         <run_address>0x15060</run_address>
         <size>0x3b2</size>
         <input_file_ref idref="fl-e0"/>
      </object_component>
      <object_component id="oc-2a">
         <name>.debug_info</name>
         <load_address>0x15412</load_address>
         <run_address>0x15412</run_address>
         <size>0x10c</size>
         <input_file_ref idref="fl-e0"/>
      </object_component>
      <object_component id="oc-2ab">
         <name>.debug_info</name>
         <load_address>0x1551e</load_address>
         <run_address>0x1551e</run_address>
         <size>0x13f</size>
         <input_file_ref idref="fl-e0"/>
      </object_component>
      <object_component id="oc-16a">
         <name>.debug_info</name>
         <load_address>0x1565d</load_address>
         <run_address>0x1565d</run_address>
         <size>0x168</size>
         <input_file_ref idref="fl-e0"/>
      </object_component>
      <object_component id="oc-1fc">
         <name>.debug_info</name>
         <load_address>0x157c5</load_address>
         <run_address>0x157c5</run_address>
         <size>0x18e</size>
         <input_file_ref idref="fl-e0"/>
      </object_component>
      <object_component id="oc-202">
         <name>.debug_info</name>
         <load_address>0x15953</load_address>
         <run_address>0x15953</run_address>
         <size>0x19f</size>
         <input_file_ref idref="fl-e0"/>
      </object_component>
      <object_component id="oc-170">
         <name>.debug_info</name>
         <load_address>0x15af2</load_address>
         <run_address>0x15af2</run_address>
         <size>0x203</size>
         <input_file_ref idref="fl-e0"/>
      </object_component>
      <object_component id="oc-2a5">
         <name>.debug_info</name>
         <load_address>0x15cf5</load_address>
         <run_address>0x15cf5</run_address>
         <size>0x1db</size>
         <input_file_ref idref="fl-e0"/>
      </object_component>
      <object_component id="oc-1f5">
         <name>.debug_info</name>
         <load_address>0x15ed0</load_address>
         <run_address>0x15ed0</run_address>
         <size>0x299</size>
         <input_file_ref idref="fl-e0"/>
      </object_component>
      <object_component id="oc-107">
         <name>.debug_info</name>
         <load_address>0x16169</load_address>
         <run_address>0x16169</run_address>
         <size>0xb2</size>
         <input_file_ref idref="fl-e0"/>
      </object_component>
      <object_component id="oc-102">
         <name>.debug_info</name>
         <load_address>0x1621b</load_address>
         <run_address>0x1621b</run_address>
         <size>0x2c</size>
         <input_file_ref idref="fl-e0"/>
      </object_component>
      <object_component id="oc-384">
         <name>.debug_info</name>
         <load_address>0x16247</load_address>
         <run_address>0x16247</run_address>
         <size>0x29a</size>
         <input_file_ref idref="fl-e1"/>
      </object_component>
      <object_component id="oc-30d">
         <name>.debug_info</name>
         <load_address>0x164e1</load_address>
         <run_address>0x164e1</run_address>
         <size>0x262</size>
[...]
      </symbol>
      <symbol id="sm-4eb">
         <name>__aeabi_i2d</name>
         <value>0x3b5d</value>
         <object_component_ref idref="oc-2db"/>
      </symbol>
      <symbol id="sm-506">
         <name>memcpy</name>
         <value>0x2d83</value>
         <object_component_ref idref="oc-3a"/>
      </symbol>
      <symbol id="sm-507">
         <name>__aeabi_memcpy</name>
         <value>0x2d83</value>
         <object_component_ref idref="oc-3a"/>
      </symbol>
      <symbol id="sm-508">
         <name>__aeabi_memcpy8</name>
         <value>0x2d83</value>
         <object_component_ref idref="oc-3a"/>
      </symbol>
      <symbol id="sm-509">
         <name>__aeabi_memcpy4</name>
         <value>0x2d83</value>
         <object_component_ref idref="oc-3a"/>
      </symbol>
      <symbol id="sm-518">
         <name>__aeabi_memset</name>
         <value>0x2fc3</value>
         <object_component_ref idref="oc-a0"/>
      </symbol>
      <symbol id="sm-519">
         <name>memset</name>
         <value>0x2fc9</value>
         <object_component_ref idref="oc-a0"/>
      </symbol>
      <symbol id="sm-51a">
         <name>__aeabi_memset8</name>
         <value>0x2fc3</value>
         <object_component_ref idref="oc-a0"/>
      </symbol>
      <symbol id="sm-51b">
         <name>__aeabi_memset4</name>
         <value>0x2fc3</value>
         <object_component_ref idref="oc-a0"/>
      </symbol>
      <symbol id="sm-51c">
         <name>__aeabi_memclr8</name>
         <value>0x2fc1</value>
         <object_component_ref idref="oc-a0"/>
      </symbol>
      <symbol id="sm-51d">
         <name>__aeabi_memclr4</name>
         <value>0x2fc1</value>
         <object_component_ref idref="oc-a0"/>
      </symbol>
      <symbol id="sm-51e">
         <name>__aeabi_memclr</name>
         <value>0x2fc1</value>
         <object_component_ref idref="oc-a0"/>
      </symbol>
      <symbol id="sm-52b">
         <name>__aeabi_uldivmod</name>
         <value>0x2e1f</value>
         <object_component_ref idref="oc-2ba"/>
      </symbol>
      <symbol id="sm-53a">
         <name>__aeabi_uidivmod</name>
         <value>0x3961</value>
         <object_component_ref idref="oc-175"/>
      </symbol>
      <symbol id="sm-53b">
         <name>__aeabi_uidiv</name>
         <value>0x3961</value>
         <object_component_ref idref="oc-175"/>
      </symbol>
      <symbol id="sm-54f">
         <name>__TI_zero_init_nomemset</name>
         <value>0x3c51</value>
         <object_component_ref idref="oc-46"/>
      </symbol>
      <symbol id="sm-566">
         <name>__TI_decompress_none</name>
         <value>0x3d5b</value>
         <object_component_ref idref="oc-1d"/>
      </symbol>
      <symbol id="sm-589">
         <name>__TI_decompress_lzss</name>
         <value>0x3265</value>
         <object_component_ref idref="oc-17"/>
      </symbol>
      <symbol id="sm-5af">
         <name>C$$EXIT</name>
         <value>0x3d9d</value>
         <object_component_ref idref="oc-12a"/>
      </symbol>
      <symbol id="sm-5b0">
         <name>abort</name>
         <value>0x3d9d</value>
         <object_component_ref idref="oc-12a"/>
      </symbol>
      <symbol id="sm-5b1">
         <name>__TI_dtors_ptr</name>
         <value>0x200007e8</value>
         <object_component_ref idref="oc-1d8"/>
      </symbol>
      <symbol id="sm-5b2">
         <name>__TI_cleanup_ptr</name>
         <value>0x200007e4</value>
         <object_component_ref idref="oc-1d8"/>
      </symbol>
      <symbol id="sm-5b3">
         <name>__TI_enable_exit_profile_output</name>
         <value>0x200007ec</value>
         <object_component_ref idref="oc-1d8"/>
      </symbol>
      <symbol id="sm-5b4">
         <name>exit</name>
         <value>0x37c1</value>
         <object_component_ref idref="oc-130"/>
      </symbol>
      <symbol id="sm-5c9">
         <name>_nop</name>
         <value>0xb33</value>
         <object_component_ref idref="oc-26c"/>
      </symbol>
      <symbol id="sm-5ca">
         <name>_lock</name>
         <value>0x200007fc</value>
         <object_component_ref idref="oc-1ae"/>
      </symbol>
      <symbol id="sm-5cb">
         <name>_unlock</name>
         <value>0x20000800</value>
         <object_component_ref idref="oc-1ae"/>
      </symbol>
      <symbol id="sm-5da">
         <name>__TI_ltoa</name>
         <value>0x3683</value>
         <object_component_ref idref="oc-2d5"/>
      </symbol>
      <symbol id="sm-5f0">
         <name>atoi</name>
         <value>0x3775</value>
         <object_component_ref idref="oc-225"/>
      </symbol>
      <symbol id="sm-5fb">
         <name>_ctypes_</name>
         <value>0x3da0</value>
         <object_component_ref idref="oc-2b5"/>
      </symbol>
      <symbol id="sm-610">
         <name>__TI_tmpnams</name>
         <value>0x20000520</value>
      </symbol>
      <symbol id="sm-611">
         <name>__aeabi_stdout</name>
         <value>0x200007dc</value>
         <object_component_ref idref="oc-3f7"/>
      </symbol>
      <symbol id="sm-612">
         <name>__aeabi_stderr</name>
         <value>0x200007e0</value>
         <object_component_ref idref="oc-3f7"/>
      </symbol>
      <symbol id="sm-613">
         <name>__aeabi_stdin</name>
         <value>0x200007d8</value>
         <object_component_ref idref="oc-3f7"/>
      </symbol>
      <symbol id="sm-614">
         <name>_ftable</name>
         <value>0x2000061c</value>
         <object_component_ref idref="oc-1b1"/>
      </symbol>
      <symbol id="sm-615">
         <name>__TI_ft_end</name>
         <value>0x200007d4</value>
         <object_component_ref idref="oc-3f7"/>
      </symbol>
      <symbol id="sm-625">
         <name>memccpy</name>
         <value>0x3ca5</value>
         <object_component_ref idref="oc-24e"/>
      </symbol>
      <symbol id="sm-635">
         <name>memchr</name>
         <value>0x3c31</value>
         <object_component_ref idref="oc-33d"/>
      </symbol>
      <symbol id="sm-6be">
         <name>_sys_memory</name>
         <value>0x20000000</value>
         <object_component_ref idref="oc-29"/>
      </symbol>
      <symbol id="sm-6bf">
         <name>free</name>
         <value>0x2b11</value>
         <object_component_ref idref="oc-16f"/>
      </symbol>
      <symbol id="sm-6c0">
         <name>memalign</name>
         <value>0x290d</value>
         <object_component_ref idref="oc-1f4"/>
      </symbol>
      <symbol id="sm-6c1">
         <name>malloc</name>
         <value>0x3d89</value>
         <object_component_ref idref="oc-169"/>
      </symbol>
      <symbol id="sm-6c2">
         <name>aligned_alloc</name>
         <value>0x290d</value>
         <object_component_ref idref="oc-1f4"/>
      </symbol>
      <symbol id="sm-6d2">
         <name>strchr</name>
         <value>0x3d0b</value>
         <object_component_ref idref="oc-30c"/>
      </symbol>
      <symbol id="sm-6e0">
         <name>strlen</name>
         <value>0x3d35</value>
         <object_component_ref idref="oc-21f"/>
      </symbol>
      <symbol id="sm-6fa">
         <name>write</name>
         <value>0x3c09</value>
         <object_component_ref idref="oc-349"/>
      </symbol>
      <symbol id="sm-70b">
         <name>_stream</name>
         <value>0x20000784</value>
         <object_component_ref idref="oc-3a9"/>
      </symbol>
      <symbol id="sm-70c">
         <name>_device</name>
         <value>0x2000070c</value>
         <object_component_ref idref="oc-3db"/>
      </symbol>
      <symbol id="sm-722">
         <name>__aeabi_errno_addr</name>
         <value>0x3d81</value>
         <object_component_ref idref="oc-25a"/>
      </symbol>
      <symbol id="sm-723">
         <name>errno</name>
         <value>0x2000080c</value>
         <object_component_ref idref="oc-31c"/>
      </symbol>
      <symbol id="sm-736">
         <name>__stack</name>
         <value>0x2000fe00</value>
         <object_component_ref idref="oc-2c"/>
      </symbol>
      <symbol id="sm-737">
         <name>_c_int00_noargs</name>
         <value>0x3af9</value>
         <object_component_ref idref="oc-58"/>
      </symbol>
      <symbol id="sm-757">
         <name>frexpl</name>
         <value>0x3335</value>
         <object_component_ref idref="oc-300"/>
      </symbol>
      <symbol id="sm-758">
         <name>frexp</name>
         <value>0x3335</value>
         <object_component_ref idref="oc-300"/>
      </symbol>
      <symbol id="sm-775">
         <name>scalbn</name>
         <value>0x27fd</value>
         <object_component_ref idref="oc-306"/>
      </symbol>
      <symbol id="sm-776">
         <name>scalbnl</name>
         <value>0x27fd</value>
         <object_component_ref idref="oc-306"/>
      </symbol>
      <symbol id="sm-777">
         <name>ldexpl</name>
         <value>0x27fd</value>
         <object_component_ref idref="oc-306"/>
      </symbol>
      <symbol id="sm-778">
         <name>ldexp</name>
         <value>0x27fd</value>
         <object_component_ref idref="oc-306"/>
      </symbol>
      <symbol id="sm-782">
         <name>copysign</name>
         <value>0x3cc1</value>
         <object_component_ref idref="oc-37b"/>
      </symbol>
      <symbol id="sm-783">
         <name>copysignl</name>
         <value>0x3cc1</value>
         <object_component_ref idref="oc-37b"/>
      </symbol>
      <symbol id="sm-79c">
         <name>wcslen</name>
         <value>0x3d49</value>
         <object_component_ref idref="oc-254"/>
      </symbol>
      <symbol id="sm-7ac">
         <name>__TI_doflush</name>
         <value>0x3729</value>
         <object_component_ref idref="oc-343"/>
      </symbol>
      <symbol id="sm-7bc">
         <name>__TI_cleanup</name>
         <value>0x3a91</value>
         <object_component_ref idref="oc-3c8"/>
      </symbol>
      <symbol id="sm-7ce">
         <name>fseek</name>
         <value>0x3399</value>
         <object_component_ref idref="oc-397"/>
      </symbol>
      <symbol id="sm-7d8">
         <name>__aeabi_idiv0</name>
         <value>0x204f</value>
         <object_component_ref idref="oc-208"/>
      </symbol>
      <symbol id="sm-7d9">
         <name>__aeabi_ldiv0</name>
         <value>0x204f</value>
         <object_component_ref idref="oc-208"/>
      </symbol>
      <symbol id="sm-801">
         <name>__TI_auto_init_nobinit_nopinit</name>
         <value>0x38d9</value>
         <object_component_ref idref="oc-136"/>
      </symbol>
      <symbol id="sm-80b">
         <name>_system_pre_init</name>
         <value>0x3d99</value>
         <object_component_ref idref="oc-a6"/>
      </symbol>
      <symbol id="sm-81e">
         <name>HOSTclose</name>
         <value>0x3851</value>
         <object_component_ref idref="oc-403"/>
      </symbol>
      <symbol id="sm-82f">
         <name>HOSTlseek</name>
         <value>0x31fd</value>
         <object_component_ref idref="oc-415"/>
      </symbol>
      <symbol id="sm-841">
         <name>parmbuf</name>
         <value>0x20000610</value>
      </symbol>
      <symbol id="sm-842">
         <name>HOSTopen</name>
         <value>0x3461</value>
         <object_component_ref idref="oc-3fd"/>
      </symbol>
      <symbol id="sm-853">
         <name>HOSTread</name>
         <value>0x357d</value>
         <object_component_ref idref="oc-409"/>
      </symbol>
      <symbol id="sm-864">
         <name>HOSTrename</name>
         <value>0x3191</value>
         <object_component_ref idref="oc-421"/>
      </symbol>
      <symbol id="sm-875">
         <name>HOSTunlink</name>
         <value>0x3895</value>
         <object_component_ref idref="oc-41b"/>
      </symbol>
      <symbol id="sm-886">
         <name>HOSTwrite</name>
         <value>0x35d5</value>
         <object_component_ref idref="oc-40f"/>
      </symbol>
      <symbol id="sm-8aa">
         <name>__TI_readmsg</name>
         <value>0x3ac5</value>
         <object_component_ref idref="oc-444"/>
      </symbol>
      <symbol id="sm-8ab">
         <name>C$$IO$$</name>
         <value>0x3a4f</value>
         <object_component_ref idref="oc-43e"/>
      </symbol>
      <symbol id="sm-8ac">
         <name>__CIOBUF_</name>
         <value>0x20000400</value>
         <object_component_ref idref="oc-46c"/>
      </symbol>
      <symbol id="sm-8ad">
         <name>__TI_writemsg</name>
         <value>0x3a21</value>
         <object_component_ref idref="oc-43e"/>
      </symbol>
      <symbol id="sm-8be">
         <name>lseek</name>
         <value>0x3be1</value>
         <object_component_ref idref="oc-3c0"/>
      </symbol>
      <symbol id="sm-8d3">
         <name>__TI_closefile</name>
         <value>0x303d</value>
         <object_component_ref idref="oc-3f1"/>
      </symbol>
      <symbol id="sm-8f6">
         <name>finddevice</name>
         <value>0x3b2d</value>
         <object_component_ref idref="oc-48a"/>
      </symbol>
      <symbol id="sm-8f7">
         <name>getdevice</name>
         <value>0x391d</value>
         <object_component_ref idref="oc-462"/>
      </symbol>
      <symbol id="sm-906">
         <name>strcmp</name>
         <value>0x3cf3</value>
         <object_component_ref idref="oc-4a1"/>
      </symbol>
      <symbol id="sm-914">
         <name>strcpy</name>
         <value>0x3d21</value>
         <object_component_ref idref="oc-458"/>
      </symbol>
      <symbol id="sm-924">
         <name>strncpy</name>
         <value>0x3a59</value>
         <object_component_ref idref="oc-484"/>
      </symbol>
      <symbol id="sm-939">
         <name>close</name>
         <value>0x3521</value>
         <object_component_ref idref="oc-42d"/>
      </symbol>
      <symbol id="sm-949">
         <name>unlink</name>
         <value>0x3b8d</value>
         <object_component_ref idref="oc-433"/>
      </symbol>
      <symbol id="sm-94a">
         <name>__TI_static_base__</name>
         <value>0x0</value>
      </symbol>
      <symbol id="sm-94d">
         <name>__mpu_init</name>
         <value>0x0</value>
      </symbol>
      <symbol id="sm-94e">
         <name>_system_post_cinit</name>
         <value>0x0</value>
      </symbol>
      <symbol id="sm-94f">
         <name>NMI_Handler</name>
         <value>0x3d75</value>
      </symbol>
      <symbol id="sm-950">
         <name>HardFault_Handler</name>
         <value>0x3d75</value>
      </symbol>
      <symbol id="sm-951">
         <name>MemManage_Handler</name>
         <value>0x3d75</value>
      </symbol>
      <symbol id="sm-952">
         <name>BusFault_Handler</name>
         <value>0x3d75</value>
      </symbol>
      <symbol id="sm-953">
         <name>UsageFault_Handler</name>
         <value>0x3d75</value>
      </symbol>
      <symbol id="sm-954">
         <name>SVC_Handler</name>
         <value>0x3d75</value>
      </symbol>
      <symbol id="sm-955">
         <name>DebugMon_Handler</name>
         <value>0x3d75</value>
      </symbol>
      <symbol id="sm-956">
         <name>PendSV_Handler</name>
         <value>0x3d75</value>
      </symbol>
      <symbol id="sm-957">
         <name>SysTick_Handler</name>
         <value>0x3d75</value>
      </symbol>
      <symbol id="sm-958">
         <name>PSS_IRQHandler</name>
         <value>0x3d75</value>
      </symbol>
      <symbol id="sm-959">
         <name>CS_IRQHandler</name>
         <value>0x3d75</value>
      </symbol>
      <symbol id="sm-95a">
         <name>PCM_IRQHandler</name>
         <value>0x3d75</value>
      </symbol>
      <symbol id="sm-95b">
         <name>WDT_A_IRQHandler</name>
         <value>0x3d75</value>
      </symbol>
      <symbol id="sm-95c">
         <name>FPU_IRQHandler</name>
         <value>0x3d75</value>
      </symbol>
      <symbol id="sm-95d">
         <name>FLCTL_IRQHandler</name>
         <value>0x3d75</value>
      </symbol>
      <symbol id="sm-95e">
         <name>COMP_E0_IRQHandler</name>
         <value>0x3d75</value>
      </symbol>
      <symbol id="sm-95f">
         <name>COMP_E1_IRQHandler</name>
         <value>0x3d75</value>
      </symbol>
      <symbol id="sm-960">
         <name>TA0_0_IRQHandler</name>
         <value>0x3d75</value>
      </symbol>
      <symbol id="sm-961">
         <name>TA0_N_IRQHandler</name>
         <value>0x3d75</value>
      </symbol>
      <symbol id="sm-962">
         <name>TA1_0_IRQHandler</name>
         <value>0x3d75</value>
      </symbol>
      <symbol id="sm-963">
         <name>TA1_N_IRQHandler</name>
         <value>0x3d75</value>
      </symbol>
      <symbol id="sm-964">
         <name>TA2_0_IRQHandler</name>
         <value>0x3d75</value>
      </symbol>
      <symbol id="sm-965">
         <name>TA2_N_IRQHandler</name>
         <value>0x3d75</value>
      </symbol>
      <symbol id="sm-966">
         <name>TA3_0_IRQHandler</name>
         <value>0x3d75</value>
      </symbol>
      <symbol id="sm-967">
         <name>TA3_N_IRQHandler</name>
         <value>0x3d75</value>
      </symbol>
      <symbol id="sm-968">
         <name>EUSCIA0_IRQHandler</name>
         <value>0x2147</value>
      </symbol>
      <symbol id="sm-969">
         <name>EUSCIA1_IRQHandler</name>
         <value>0x3d75</value>
      </symbol>
      <symbol id="sm-96a">
         <name>EUSCIA2_IRQHandler</name>
         <value>0x3d75</value>
      </symbol>
      <symbol id="sm-96b">
         <name>EUSCIA3_IRQHandler</name>
         <value>0x3d75</value>
      </symbol>
      <symbol id="sm-96c">
         <name>EUSCIB0_IRQHandler</name>
         <value>0x3d75</value>
      </symbol>
      <symbol id="sm-96d">
         <name>EUSCIB1_IRQHandler</name>
         <value>0x3d75</value>
      </symbol>
      <symbol id="sm-96e">
         <name>EUSCIB2_IRQHandler</name>
         <value>0x3d75</value>
      </symbol>
      <symbol id="sm-96f">
         <name>EUSCIB3_IRQHandler</name>
         <value>0x3d75</value>
      </symbol>
      <symbol id="sm-970">
         <name>ADC14_IRQHandler</name>
         <value>0x3d75</value>
      </symbol>
      <symbol id="sm-971">
         <name>T32_INT1_IRQHandler</name>
         <value>0x12a3</value>
      </symbol>
      <symbol id="sm-972">
         <name>T32_INT2_IRQHandler</name>
         <value>0x3d75</value>
      </symbol>
      <symbol id="sm-973">
         <name>T32_INTC_IRQHandler</name>
         <value>0x3d75</value>
      </symbol>
      <symbol id="sm-974">
         <name>AES256_IRQHandler</name>
         <value>0x3d75</value>
      </symbol>
      <symbol id="sm-975">
         <name>RTC_C_IRQHandler</name>
         <value>0x3d75</value>
      </symbol>
      <symbol id="sm-976">
         <name>DMA_ERR_IRQHandler</name>
         <value>0x3d75</value>
      </symbol>
      <symbol id="sm-977">
         <name>DMA_INT3_IRQHandler</name>
         <value>0x3d75</value>
      </symbol>
      <symbol id="sm-978">
         <name>DMA_INT2_IRQHandler</name>
         <value>0x3d75</value>
      </symbol>
      <symbol id="sm-979">
         <name>DMA_INT1_IRQHandler</name>
         <value>0x3d75</value>
      </symbol>
      <symbol id="sm-97a">
         <name>DMA_INT0_IRQHandler</name>
         <value>0x3d75</value>
      </symbol>
      <symbol id="sm-97b">
         <name>PORT1_IRQHandler</name>
         <value>0x3d75</value>
      </symbol>
      <symbol id="sm-97c">
         <name>PORT2_IRQHandler</name>
         <value>0x3d75</value>
      </symbol>
      <symbol id="sm-97d">
         <name>PORT3_IRQHandler</name>
         <value>0x3d75</value>
      </symbol>
      <symbol id="sm-97e">
         <name>PORT4_IRQHandler</name>
         <value>0x3d75</value>
      </symbol>
      <symbol id="sm-97f">
         <name>PORT5_IRQHandler</name>
         <value>0x3c89</value>
      </symbol>
      <symbol id="sm-980">
         <name>PORT6_IRQHandler</name>
         <value>0x3d75</value>
      </symbol>
      <symbol id="sm-981">
         <name>remove</name>
         <value>0x3b8d</value>
      </symbol>
   </symbol_table>
   <title>Link successful</title>
</link_info>
