******************************************************************************
                  TI ARM Linker PC v20.2.0                     
******************************************************************************
>> Linked Fri Jun 18 16:36:30 2021

OUTPUT FILE NAME:   <ECE315-F21.out>
ENTRY POINT SYMBOL: "_c_int00_noargs"  address: 00003af9


MEMORY CONFIGURATION

         name            origin    length      used     unused   attr    fill
----------------------  --------  ---------  --------  --------  ----  --------
  MAIN                  00000000   00040000  00003f41  0003c0bf  R  X
  INFO                  00200000   00004000  00000000  00004000  R  X
  SRAM_CODE             01000000   00010000  00000a1b  0000f5e5  RW X
  SRAM_DATA             20000000   00010000  00000a1b  0000f5e5  RW  


SEGMENT ALLOCATION MAP

run origin  load origin   length   init length attrs members
----------  ----------- ---------- ----------- ----- -------
00000000    00000000    00003f48   00003f48    r-x
  00000000    00000000    000000e4   000000e4    r-- .intvecs
  000000e4    000000e4    00003cbc   00003cbc    r-x .text
  00003da0    00003da0    00000101   00000101    r-- .const
  00003ea8    00003ea8    000000a0   000000a0    r-- .cinit
20000000    20000000    0000081b   00000000    rw-
  20000000    20000000    00000400   00000000    rw- .sysmem
  20000400    20000400    0000021c   00000000    rw- .bss
  2000061c    2000061c    000001ff   00000000    rw- .data
2000fe00    2000fe00    00000200   00000000    rw-
  2000fe00    2000fe00    00000200   00000000    rw- .stack


SECTION ALLOCATION MAP

 output                                  attributes/
section   page    origin      length       input sections
--------  ----  ----------  ----------   ----------------
.intvecs   0    00000000    000000e4     
                  00000000    000000e4     startup_msp432p401r_ccs.obj (.intvecs:retain)

.text      0    000000e4    00003cbc     
                  000000e4    00000a4e     rtsv7M4_T_le_v4SPD16_eabi.lib : _printfi.c.obj (.text:__TI_printfi)
                  00000b32    00000002                                   : _lock.c.obj (.text:_nop)
                  00000b34    000003d8     ece315.obj (.text)
                  00000f0c    000003c0     ece315_timer.obj (.text)
                  000012cc    00000354     system_msp432p401r.obj (.text)
                  00001620    00000270     rtsv7M4_T_le_v4SPD16_eabi.lib : _printfi.c.obj (.text:_pconv_a)
                  00001890    00000270     i2c.obj (.text)
                  00001b00    000001d0     rtsv7M4_T_le_v4SPD16_eabi.lib : _printfi.c.obj (.text:_pconv_g)
                  00001cd0    000001c8     circular_buffer.obj (.text)
                  00001e98    000001b6     rtsv7M4_T_le_v4SPD16_eabi.lib : fd_add_t2.asm.obj (.text)
                  0000204e    00000002                                   : div0.asm.obj (.text)
                  00002050    000001a4     serial_debug.obj (.text)
                  000021f4    0000015c     main.obj (.text)
                  00002350    0000013c     rtsv7M4_T_le_v4SPD16_eabi.lib : _printfi.c.obj (.text:_pconv_e)
                  0000248c    00000136                                   : fd_div_t2.asm.obj (.text)
                  000025c2    00000002     --HOLE-- [fill = 0]
                  000025c4    00000124                                   : _printfi.c.obj (.text:fcvt)
                  000026e8    00000114                                   : fputs.c.obj (.text:fputs)
                  000027fc    00000110                                   : s_scalbn.c.obj (.text:scalbn)
                  0000290c    00000108                                   : memory.c.obj (.text:aligned_alloc)
                  00002a14    000000fc                                   : fd_mul_t2.asm.obj (.text)
                  00002b10    000000e4                                   : memory.c.obj (.text:free)
                  00002bf4    000000dc                                   : setvbuf.c.obj (.text:setvbuf)
                  00002cd0    000000b1                                   : _printfi.c.obj (.text:_ltostr)
                  00002d81    00000001     --HOLE-- [fill = 0]
                  00002d82    0000009c                                   : memcpy_t2.asm.obj (.text)
                  00002e1e    00000096                                   : ull_div_t2.asm.obj (.text)
                  00002eb4    00000086                                   : fd_cmp_t2.asm.obj (.text:__aeabi_cdcmple)
                  00002f3a    00000086                                   : fd_cmp_t2.asm.obj (.text:__aeabi_cdrcmple)
                  00002fc0    0000007a                                   : memset_t2.asm.obj (.text)
                  0000303a    00000002     --HOLE-- [fill = 0]
                  0000303c    00000074                                   : fclose.c.obj (.text:__TI_closefile)
                  000030b0    00000070                                   : memory.c.obj (.text:split)
                  00003120    0000006e                                   : _printfi.c.obj (.text:_mcpy)
                  0000318e    00000002     --HOLE-- [fill = 0]
                  00003190    0000006c                                   : hostrename.c.obj (.text:HOSTrename)
                  000031fc    00000068                                   : hostlseek.c.obj (.text:HOSTlseek)
                  00003264    00000068                                   : copy_decompress_lzss.c.obj (.text:decompress:lzss:__TI_decompress_lzss)
                  000032cc    00000068                                   : printf.c.obj (.text:printf)
                  00003334    00000064                                   : s_frexp.c.obj (.text:frexp)
                  00003398    00000064                                   : fseek.c.obj (.text:fseek)
                  000033fc    00000062                                   : _io_perm.c.obj (.text:__TI_wrt_ok)
                  0000345e    00000002     --HOLE-- [fill = 0]
                  00003460    00000060                                   : hostopen.c.obj (.text:HOSTopen)
                  000034c0    0000005e     at42qt2120.obj (.text)
                  0000351e    00000002     --HOLE-- [fill = 0]
                  00003520    0000005c     rtsv7M4_T_le_v4SPD16_eabi.lib : close.c.obj (.text:close)
                  0000357c    00000058                                   : hostread.c.obj (.text:HOSTread)
                  000035d4    00000058                                   : hostwrite.c.obj (.text:HOSTwrite)
                  0000362c    00000056                                   : _printfi.c.obj (.text:_pconv_f)
                  00003682    00000054                                   : _ltoa.c.obj (.text:__TI_ltoa)
                  000036d6    00000052                                   : _printfi.c.obj (.text:_ecpy)
                  00003728    0000004c                                   : fflush.c.obj (.text:__TI_doflush)
                  00003774    0000004c                                   : atoi.c.obj (.text:atoi)
                  000037c0    00000048                                   : exit.c.obj (.text:exit)
                  00003808    00000048                                   : fd_toi_t2.asm.obj (.text)
                  00003850    00000044                                   : hostclose.c.obj (.text:HOSTclose)
                  00003894    00000044                                   : hostunlink.c.obj (.text:HOSTunlink)
                  000038d8    00000044                                   : autoinit.c.obj (.text:__TI_auto_init_nobinit_nopinit:__TI_auto_init_nobinit_nopinit)
                  0000391c    00000044                                   : getdevice.c.obj (.text:getdevice)
                  00003960    00000040                                   : u_divt2.asm.obj (.text)
                  000039a0    00000040                                   : sprintf.c.obj (.text:sprintf)
                  000039e0    0000003e                                   : _printfi.c.obj (.text:_fcpy)
                  00003a1e    00000002     --HOLE-- [fill = 0]
                  00003a20    00000038                                   : trgmsg.c.obj (.text:__TI_writemsg)
                  00003a58    00000036                                   : strncpy.c.obj (.text:strncpy)
                  00003a8e    00000002     --HOLE-- [fill = 0]
                  00003a90    00000034                                   : fopen.c.obj (.text:__TI_cleanup)
                  00003ac4    00000034                                   : trgmsg.c.obj (.text:__TI_readmsg)
                  00003af8    00000034                                   : boot_cortex_m.c.obj (.text:_c_int00_noargs:_c_int00_noargs)
                  00003b2c    00000030                                   : getdevice.c.obj (.text:finddevice)
                  00003b5c    0000002e                                   : i_tofd_t2.asm.obj (.text)
                  00003b8a    00000002     --HOLE-- [fill = 0]
                  00003b8c    0000002c                                   : unlink.c.obj (.text:unlink)
                  00003bb8    00000028                                   : memory.c.obj (.text:free_list_insert)
                  00003be0    00000028                                   : lseek.c.obj (.text:lseek)
                  00003c08    00000028                                   : write.c.obj (.text:write)
                  00003c30    00000020                                   : memchr.c.obj (.text:memchr)
                  00003c50    0000001c                                   : copy_zero_init.c.obj (.text:decompress:ZI:__TI_zero_init_nomemset:__TI_zero_init_nomemset)
                  00003c6c    0000001c                                   : memory.c.obj (.text:free_list_remove)
                  00003c88    0000001c     interrupts.obj (.text)
                  00003ca4    0000001c     rtsv7M4_T_le_v4SPD16_eabi.lib : memccpy.c.obj (.text:memccpy)
                  00003cc0    0000001a                                   : s_copysign.c.obj (.text:copysign)
                  00003cda    00000018                                   : sprintf.c.obj (.text:_outs)
                  00003cf2    00000018                                   : strcmp.c.obj (.text:strcmp)
                  00003d0a    00000016                                   : strchr.c.obj (.text:strchr)
                  00003d20    00000014                                   : strcpy.c.obj (.text:strcpy)
                  00003d34    00000014                                   : strlen.c.obj (.text:strlen)
                  00003d48    00000012                                   : wcslen.c.obj (.text:wcslen)
                  00003d5a    0000000e                                   : copy_decompress_none.c.obj (.text:decompress:none:__TI_decompress_none)
                  00003d68    0000000e     startup_msp432p401r_ccs.obj (.text)
                  00003d76    0000000a     rtsv7M4_T_le_v4SPD16_eabi.lib : sprintf.c.obj (.text:_outc)
                  00003d80    00000008                                   : errno.c.obj (.text:__aeabi_errno_addr)
                  00003d88    00000008                                   : memory.c.obj (.text:malloc)
                  00003d90    00000004                                   : printf.c.obj (.text:_outc)
                  00003d94    00000004                                   : printf.c.obj (.text:_outs)
                  00003d98    00000004                                   : pre_init.c.obj (.text:_system_pre_init)
                  00003d9c    00000004                                   : exit.c.obj (.text:abort:abort)

.const     0    00003da0    00000101     
                  00003da0    00000101     rtsv7M4_T_le_v4SPD16_eabi.lib : ctype.c.obj (.const:.string:_ctypes_)

.cinit     0    00003ea8    000000a0     
                  00003ea8    0000007c     (.cinit..data.load) [load image, compression = lzss]
                  00003f24    0000000c     (__TI_handler_table)
                  00003f30    00000008     (.cinit..bss.load) [load image, compression = zero_init]
                  00003f38    00000010     (__TI_cinit_table)

.init_array 
*          0    00000000    00000000     UNINITIALIZED

.binit     0    00000000    00000000     

.sysmem    0    20000000    00000400     UNINITIALIZED
                  20000000    00000010     rtsv7M4_T_le_v4SPD16_eabi.lib : memory.c.obj (.sysmem)
                  20000010    000003f0     --HOLE--

.bss       0    20000400    0000021c     UNINITIALIZED
                  20000400    00000120     rtsv7M4_T_le_v4SPD16_eabi.lib : trgmsg.c.obj (.bss:_CIOBUF_)
                  20000520    000000a0     (.common:__TI_tmpnams)
                  200005c0    00000050     (.common:Rx_String)
                  20000610    00000008     (.common:parmbuf)
                  20000618    00000004     (.common:Tx_Buffer)

.data      0    2000061c    000001ff     UNINITIALIZED
                  2000061c    000000f0     rtsv7M4_T_le_v4SPD16_eabi.lib : defs.c.obj (.data:_ftable)
                  2000070c    00000078                                   : host_device.c.obj (.data:_device)
                  20000784    00000050                                   : host_device.c.obj (.data:_stream)
                  200007d4    00000010                                   : defs.c.obj (.data)
                  200007e4    0000000c                                   : exit.c.obj (.data:$O1$$)
                  200007f0    0000000a     ece315.obj (.data:SEVEN_SEG_LUT)
                  200007fa    00000001     interrupts.obj (.data)
                  200007fb    00000001     --HOLE--
                  200007fc    00000008     rtsv7M4_T_le_v4SPD16_eabi.lib : _lock.c.obj (.data:$O1$$)
                  20000804    00000008                                   : memory.c.obj (.data:$O1$$)
                  2000080c    00000004                                   : errno.c.obj (.data)
                  20000810    00000004     system_msp432p401r.obj (.data)
                  20000814    00000003     ece315_timer.obj (.data)
                  20000817    00000001     --HOLE--
                  20000818    00000003     serial_debug.obj (.data)

.stack     0    2000fe00    00000200     UNINITIALIZED
                  2000fe00    00000004     rtsv7M4_T_le_v4SPD16_eabi.lib : boot_cortex_m.c.obj (.stack)
                  2000fe04    000001fc     --HOLE--

__llvm_prf_cnts 
*          0    20000000    00000000     UNINITIALIZED

MODULE SUMMARY

       Module                        code    ro data   rw data
       ------                        ----    -------   -------
    .\
       ece315.obj                    984     0         20     
       ece315_timer.obj              960     0         6      
       system_msp432p401r.obj        852     0         8      
       i2c.obj                       624     0         0      
       serial_debug.obj              420     0         174    
       circular_buffer.obj           456     0         0      
       main.obj                      348     0         0      
       startup_msp432p401r_ccs.obj   14      228       0      
       at42qt2120.obj                94      0         0      
       interrupts.obj                28      0         2      
    +--+-----------------------------+-------+---------+---------+
       Total:                        4780    228       210    
                                                              
    C:\ti\ccs1000\ccs\tools\compiler\ti-cgt-arm_20.2.0.LTS\lib\rtsv7M4_T_le_v4SPD16_eabi.lib
       _printfi.c.obj                4851    0         0      
       defs.c.obj                    0       0         832    
       memory.c.obj                  680     0         16     
       trgmsg.c.obj                  108     0         576    
       fd_add_t2.asm.obj             438     0         0      
       host_device.c.obj             0       0         400    
       fd_div_t2.asm.obj             310     0         0      
       fputs.c.obj                   276     0         0      
       s_scalbn.c.obj                272     0         0      
       fd_cmp_t2.asm.obj             268     0         0      
       ctype.c.obj                   0       257       0      
       fd_mul_t2.asm.obj             252     0         0      
       setvbuf.c.obj                 220     0         0      
       memcpy_t2.asm.obj             156     0         0      
       ull_div_t2.asm.obj            150     0         0      
       memset_t2.asm.obj             122     0         0      
       fclose.c.obj                  116     0         0      
       getdevice.c.obj               116     0         0      
       hostopen.c.obj                96      0         16     
       printf.c.obj                  112     0         0      
       hostrename.c.obj              108     0         0      
       copy_decompress_lzss.c.obj    104     0         0      
       hostlseek.c.obj               104     0         0      
       exit.c.obj                    76      0         24     
       fseek.c.obj                   100     0         0      
       s_frexp.c.obj                 100     0         0      
       _io_perm.c.obj                98      0         0      
       sprintf.c.obj                 98      0         0      
       close.c.obj                   92      0         0      
       hostread.c.obj                88      0         0      
       hostwrite.c.obj               88      0         0      
       _ltoa.c.obj                   84      0         0      
       atoi.c.obj                    76      0         0      
       fflush.c.obj                  76      0         0      
       fd_toi_t2.asm.obj             72      0         0      
       autoinit.c.obj                68      0         0      
       hostclose.c.obj               68      0         0      
       hostunlink.c.obj              68      0         0      
       u_divt2.asm.obj               64      0         0      
       strncpy.c.obj                 54      0         0      
       boot_cortex_m.c.obj           52      0         0      
       fopen.c.obj                   52      0         0      
       i_tofd_t2.asm.obj             46      0         0      
       unlink.c.obj                  44      0         0      
       lseek.c.obj                   40      0         0      
       write.c.obj                   40      0         0      
       memchr.c.obj                  32      0         0      
       copy_zero_init.c.obj          28      0         0      
       memccpy.c.obj                 28      0         0      
       s_copysign.c.obj              26      0         0      
       strcmp.c.obj                  24      0         0      
       strchr.c.obj                  22      0         0      
       strcpy.c.obj                  20      0         0      
       strlen.c.obj                  20      0         0      
       _lock.c.obj                   2       0         16     
       wcslen.c.obj                  18      0         0      
       errno.c.obj                   8       0         8      
       copy_decompress_none.c.obj    14      0         0      
       pre_init.c.obj                4       0         0      
       div0.asm.obj                  2       0         0      
    +--+-----------------------------+-------+---------+---------+
       Total:                        10751   257       1888   
                                                              
       Heap:                         0       0         2048   
       Stack:                        0       0         1024   
       Linker Generated:             0       160       0      
    +--+-----------------------------+-------+---------+---------+
       Grand Total:                  15531   645       5170   


LINKER GENERATED COPY TABLES

__TI_cinit_table @ 00003f38 records: 2, size/record: 8, table size: 16
	.data: load addr=00003ea8, load size=0000007c bytes, run addr=2000061c, run size=000001ff bytes, compression=lzss
	.bss: load addr=00003f30, load size=00000008 bytes, run addr=20000400, run size=0000021c bytes, compression=zero_init


LINKER GENERATED HANDLER TABLE

__TI_handler_table @ 00003f24 records: 3, size/record: 4, table size: 12
	index: 0, handler: __TI_decompress_lzss
	index: 1, handler: __TI_decompress_none
	index: 2, handler: __TI_zero_init


GLOBAL SYMBOLS: SORTED ALPHABETICALLY BY Name 

address   name                            
-------   ----                            
00003d75  ADC14_IRQHandler                
00003d75  AES256_IRQHandler               
20000816  ALERT_315_TIMER                 
200007fa  ALERT_BUTTON_PRESSED            
2000081a  ALERT_STRING                    
000034d3  AT42QT2120_read_chip_id         
000034f1  AT42QT2120_read_detection_status
000034e7  AT42QT2120_read_key_status_hi   
000034dd  AT42QT2120_read_key_status_lo   
000034c1  AT42QT2120_read_reg             
000034fb  AT42QT2120_read_slider_status   
00003505  AT42QT2120_write_reg            
00003d75  BusFault_Handler                
00003d9d  C$$EXIT                         
00003a4f  C$$IO$$                         
00003d75  COMP_E0_IRQHandler              
00003d75  COMP_E1_IRQHandler              
00003d75  CS_IRQHandler                   
00003d75  DMA_ERR_IRQHandler              
00003d75  DMA_INT0_IRQHandler             
00003d75  DMA_INT1_IRQHandler             
00003d75  DMA_INT2_IRQHandler             
00003d75  DMA_INT3_IRQHandler             
00003d75  DebugMon_Handler                
00003d75  Default_Handler                 
00002147  EUSCIA0_IRQHandler              
00002147  EUSCIA0_IRQHandler              
00003d75  EUSCIA1_IRQHandler              
00003d75  EUSCIA2_IRQHandler              
00003d75  EUSCIA3_IRQHandler              
00003d75  EUSCIB0_IRQHandler              
00003d75  EUSCIB1_IRQHandler              
00003d75  EUSCIB2_IRQHandler              
00003d75  EUSCIB3_IRQHandler              
00003d75  FLCTL_IRQHandler                
00003d75  FPU_IRQHandler                  
00003851  HOSTclose                       
000031fd  HOSTlseek                       
00003461  HOSTopen                        
0000357d  HOSTread                        
00003191  HOSTrename                      
00003895  HOSTunlink                      
000035d5  HOSTwrite                       
00003d75  HardFault_Handler               
00003d75  MemManage_Handler               
00003d75  NMI_Handler                     
00003d75  PCM_IRQHandler                  
00003d75  PORT1_IRQHandler                
00003d75  PORT2_IRQHandler                
00003d75  PORT3_IRQHandler                
00003d75  PORT4_IRQHandler                
00003c89  PORT5_IRQHandler                
00003c89  PORT5_IRQHandler                
00003d75  PORT6_IRQHandler                
00003d75  PSS_IRQHandler                  
00003d75  PendSV_Handler                  
00003d75  RTC_C_IRQHandler                
00003d69  Reset_Handler                   
20000818  Rx_Char_Count                   
200005c0  Rx_String                       
200007f0  SEVEN_SEG_LUT                   
00003d75  SVC_Handler                     
00003d75  SysTick_Handler                 
20000810  SystemCoreClock                 
000012cd  SystemCoreClockUpdate           
00001545  SystemInit                      
000012a3  T32_INT1_IRQHandler             
000012a3  T32_INT1_IRQHandler             
00003d75  T32_INT2_IRQHandler             
00003d75  T32_INTC_IRQHandler             
00003d75  TA0_0_IRQHandler                
00003d75  TA0_N_IRQHandler                
00003d75  TA1_0_IRQHandler                
00003d75  TA1_N_IRQHandler                
00003d75  TA2_0_IRQHandler                
00003d75  TA2_N_IRQHandler                
00003d75  TA3_0_IRQHandler                
00003d75  TA3_N_IRQHandler                
20000618  Tx_Buffer                       
00003d75  UsageFault_Handler              
4000480c  WDTCTL_SYM                      
00003d75  WDT_A_IRQHandler                
20000400  __CIOBUF_                       
20010000  __STACK_END                     
00000200  __STACK_SIZE                    
00000400  __SYSMEM_SIZE                   
00003f38  __TI_CINIT_Base                 
00003f48  __TI_CINIT_Limit                
00003f24  __TI_Handler_Table_Base         
00003f30  __TI_Handler_Table_Limit        
000038d9  __TI_auto_init_nobinit_nopinit  
00003a91  __TI_cleanup                    
200007e4  __TI_cleanup_ptr                
0000303d  __TI_closefile                  
00003265  __TI_decompress_lzss            
00003d5b  __TI_decompress_none            
00003729  __TI_doflush                    
200007e8  __TI_dtors_ptr                  
200007ec  __TI_enable_exit_profile_output 
200007d4  __TI_ft_end                     
00003683  __TI_ltoa                       
ffffffff  __TI_pprof_out_hndl             
000000e5  __TI_printfi                    
ffffffff  __TI_prof_data_size             
ffffffff  __TI_prof_data_start            
00003ac5  __TI_readmsg                    
00000000  __TI_static_base__              
20000520  __TI_tmpnams                    
00003a21  __TI_writemsg                   
000033fd  __TI_wrt_ok                     
00003c51  __TI_zero_init_nomemset         
00002eb5  __aeabi_cdcmpeq                 
00002eb5  __aeabi_cdcmple                 
00002f3b  __aeabi_cdrcmple                
00003809  __aeabi_d2iz                    
00001ea3  __aeabi_dadd                    
0000248d  __aeabi_ddiv                    
00002a15  __aeabi_dmul                    
00001e99  __aeabi_dsub                    
00003d81  __aeabi_errno_addr              
00003b5d  __aeabi_i2d                     
0000204f  __aeabi_idiv0                   
0000204f  __aeabi_ldiv0                   
00002fc1  __aeabi_memclr                  
00002fc1  __aeabi_memclr4                 
00002fc1  __aeabi_memclr8                 
00002d83  __aeabi_memcpy                  
00002d83  __aeabi_memcpy4                 
00002d83  __aeabi_memcpy8                 
00002fc3  __aeabi_memset                  
00002fc3  __aeabi_memset4                 
00002fc3  __aeabi_memset8                 
200007e0  __aeabi_stderr                  
200007d8  __aeabi_stdin                   
200007dc  __aeabi_stdout                  
00003961  __aeabi_uidiv                   
00003961  __aeabi_uidivmod                
00002e1f  __aeabi_uldivmod                
ffffffff  __binit__                       
ffffffff  __c_args__                      
UNDEFED   __mpu_init                      
2000fe00  __stack                         
20000000  __start___llvm_prf_cnts         
20000000  __stop___llvm_prf_cnts          
00003af9  _c_int00_noargs                 
00003da0  _ctypes_                        
2000070c  _device                         
2000061c  _ftable                         
200007fc  _lock                           
00000b33  _nop                            
20000784  _stream                         
20000000  _sys_memory                     
UNDEFED   _system_post_cinit              
00003d99  _system_pre_init                
20000800  _unlock                         
00003d9d  abort                           
0000290d  aligned_alloc                   
00003775  atoi                            
ffffffff  binit                           
00001d17  circular_buffer_add             
00001d03  circular_buffer_delete          
00001d81  circular_buffer_empty           
00001d9d  circular_buffer_full            
00001cd1  circular_buffer_init            
00001d4d  circular_buffer_remove          
00001dbf  circular_buffer_test_0          
00003521  close                           
00003cc1  copysign                        
00003cc1  copysignl                       
00000cc9  ece315_MKII_Buzzer_Init         
00000d37  ece315_MKII_Buzzer_Off          
00000d21  ece315_MKII_Buzzer_On           
00000d43  ece315_MKII_Buzzer_Run_Status   
00000d55  ece315_cap_sense_interrupt_init 
00000c19  ece315_dig                      
00000d87  ece315_hw_init                  
00000bc9  ece315_led_left                 
00000bf1  ece315_led_right                
00000b9f  ece315_seven_seg_all_dig_off    
0000109d  ece315_timer_config_hw          
00001029  ece315_timer_dec_hours          
0000100f  ece315_timer_dec_mins           
00000fad  ece315_timer_dec_time           
0000106b  ece315_timer_get_hour_lsd       
0000105d  ece315_timer_get_hour_msd       
0000108b  ece315_timer_get_min_lsd        
0000107d  ece315_timer_get_min_msd        
00000ff5  ece315_timer_inc_hours          
00001043  ece315_timer_inc_mins           
00001141  ece315_timer_init               
00000f77  ece315_timer_set_time           
00001249  ece315_timer_start_count_down   
00001113  ece315_turn_all_digits_off      
000010c7  ece315_update_display           
2000080c  errno                           
000037c1  exit                            
00003b2d  finddevice                      
00002117  fputc                           
000026e9  fputs                           
00002b11  free                            
00003335  frexp                           
00003335  frexpl                          
00003399  fseek                           
0000391d  getdevice                       
00001929  i2c_init                        
000019c5  i2c_read_16                     
00001a7b  i2c_read_8                      
00001969  i2c_write_16                    
00001a2f  i2c_write_8                     
00000000  interruptVectors                
000027fd  ldexp                           
000027fd  ldexpl                          
00003be1  lseek                           
000021f5  main                            
00003d89  malloc                          
0000290d  memalign                        
00003ca5  memccpy                         
00003c31  memchr                          
00002d83  memcpy                          
00002fc9  memset                          
20000610  parmbuf                         
000032cd  printf                          
00003b8d  remove                          
000027fd  scalbn                          
000027fd  scalbnl                         
000020db  serial_debug_init               
000020ed  serial_debug_put_string         
00002bf5  setvbuf                         
000039a1  sprintf                         
00003d0b  strchr                          
00003cf3  strcmp                          
00003d21  strcpy                          
00003d35  strlen                          
00003a59  strncpy                         
00003b8d  unlink                          
00003d49  wcslen                          
00003c09  write                           


GLOBAL SYMBOLS: SORTED BY Symbol Address 

address   name                            
-------   ----                            
00000000  __TI_static_base__              
00000000  interruptVectors                
000000e5  __TI_printfi                    
00000200  __STACK_SIZE                    
00000400  __SYSMEM_SIZE                   
00000b33  _nop                            
00000b9f  ece315_seven_seg_all_dig_off    
00000bc9  ece315_led_left                 
00000bf1  ece315_led_right                
00000c19  ece315_dig                      
00000cc9  ece315_MKII_Buzzer_Init         
00000d21  ece315_MKII_Buzzer_On           
00000d37  ece315_MKII_Buzzer_Off          
00000d43  ece315_MKII_Buzzer_Run_Status   
00000d55  ece315_cap_sense_interrupt_init 
00000d87  ece315_hw_init                  
00000f77  ece315_timer_set_time           
00000fad  ece315_timer_dec_time           
00000ff5  ece315_timer_inc_hours          
0000100f  ece315_timer_dec_mins           
00001029  ece315_timer_dec_hours          
00001043  ece315_timer_inc_mins           
0000105d  ece315_timer_get_hour_msd       
0000106b  ece315_timer_get_hour_lsd       
0000107d  ece315_timer_get_min_msd        
0000108b  ece315_timer_get_min_lsd        
0000109d  ece315_timer_config_hw          
000010c7  ece315_update_display           
00001113  ece315_turn_all_digits_off      
00001141  ece315_timer_init               
00001249  ece315_timer_start_count_down   
000012a3  T32_INT1_IRQHandler             
000012a3  T32_INT1_IRQHandler             
000012cd  SystemCoreClockUpdate           
00001545  SystemInit                      
00001929  i2c_init                        
00001969  i2c_write_16                    
000019c5  i2c_read_16                     
00001a2f  i2c_write_8                     
00001a7b  i2c_read_8                      
00001cd1  circular_buffer_init            
00001d03  circular_buffer_delete          
00001d17  circular_buffer_add             
00001d4d  circular_buffer_remove          
00001d81  circular_buffer_empty           
00001d9d  circular_buffer_full            
00001dbf  circular_buffer_test_0          
00001e99  __aeabi_dsub                    
00001ea3  __aeabi_dadd                    
0000204f  __aeabi_idiv0                   
0000204f  __aeabi_ldiv0                   
000020db  serial_debug_init               
000020ed  serial_debug_put_string         
00002117  fputc                           
00002147  EUSCIA0_IRQHandler              
00002147  EUSCIA0_IRQHandler              
000021f5  main                            
0000248d  __aeabi_ddiv                    
000026e9  fputs                           
000027fd  ldexp                           
000027fd  ldexpl                          
000027fd  scalbn                          
000027fd  scalbnl                         
0000290d  aligned_alloc                   
0000290d  memalign                        
00002a15  __aeabi_dmul                    
00002b11  free                            
00002bf5  setvbuf                         
00002d83  __aeabi_memcpy                  
00002d83  __aeabi_memcpy4                 
00002d83  __aeabi_memcpy8                 
00002d83  memcpy                          
00002e1f  __aeabi_uldivmod                
00002eb5  __aeabi_cdcmpeq                 
00002eb5  __aeabi_cdcmple                 
00002f3b  __aeabi_cdrcmple                
00002fc1  __aeabi_memclr                  
00002fc1  __aeabi_memclr4                 
00002fc1  __aeabi_memclr8                 
00002fc3  __aeabi_memset                  
00002fc3  __aeabi_memset4                 
00002fc3  __aeabi_memset8                 
00002fc9  memset                          
0000303d  __TI_closefile                  
00003191  HOSTrename                      
000031fd  HOSTlseek                       
00003265  __TI_decompress_lzss            
000032cd  printf                          
00003335  frexp                           
00003335  frexpl                          
00003399  fseek                           
000033fd  __TI_wrt_ok                     
00003461  HOSTopen                        
000034c1  AT42QT2120_read_reg             
000034d3  AT42QT2120_read_chip_id         
000034dd  AT42QT2120_read_key_status_lo   
000034e7  AT42QT2120_read_key_status_hi   
000034f1  AT42QT2120_read_detection_status
000034fb  AT42QT2120_read_slider_status   
00003505  AT42QT2120_write_reg            
00003521  close                           
0000357d  HOSTread                        
000035d5  HOSTwrite                       
00003683  __TI_ltoa                       
00003729  __TI_doflush                    
00003775  atoi                            
000037c1  exit                            
00003809  __aeabi_d2iz                    
00003851  HOSTclose                       
00003895  HOSTunlink                      
000038d9  __TI_auto_init_nobinit_nopinit  
0000391d  getdevice                       
00003961  __aeabi_uidiv                   
00003961  __aeabi_uidivmod                
000039a1  sprintf                         
00003a21  __TI_writemsg                   
00003a4f  C$$IO$$                         
00003a59  strncpy                         
00003a91  __TI_cleanup                    
00003ac5  __TI_readmsg                    
00003af9  _c_int00_noargs                 
00003b2d  finddevice                      
00003b5d  __aeabi_i2d                     
00003b8d  remove                          
00003b8d  unlink                          
00003be1  lseek                           
00003c09  write                           
00003c31  memchr                          
00003c51  __TI_zero_init_nomemset         
00003c89  PORT5_IRQHandler                
00003c89  PORT5_IRQHandler                
00003ca5  memccpy                         
00003cc1  copysign                        
00003cc1  copysignl                       
00003cf3  strcmp                          
00003d0b  strchr                          
00003d21  strcpy                          
00003d35  strlen                          
00003d49  wcslen                          
00003d5b  __TI_decompress_none            
00003d69  Reset_Handler                   
00003d75  ADC14_IRQHandler                
00003d75  AES256_IRQHandler               
00003d75  BusFault_Handler                
00003d75  COMP_E0_IRQHandler              
00003d75  COMP_E1_IRQHandler              
00003d75  CS_IRQHandler                   
00003d75  DMA_ERR_IRQHandler              
00003d75  DMA_INT0_IRQHandler             
00003d75  DMA_INT1_IRQHandler             
00003d75  DMA_INT2_IRQHandler             
00003d75  DMA_INT3_IRQHandler             
00003d75  DebugMon_Handler                
00003d75  Default_Handler                 
00003d75  EUSCIA1_IRQHandler              
00003d75  EUSCIA2_IRQHandler              
00003d75  EUSCIA3_IRQHandler              
00003d75  EUSCIB0_IRQHandler              
00003d75  EUSCIB1_IRQHandler              
00003d75  EUSCIB2_IRQHandler              
00003d75  EUSCIB3_IRQHandler              
00003d75  FLCTL_IRQHandler                
00003d75  FPU_IRQHandler                  
00003d75  HardFault_Handler               
00003d75  MemManage_Handler               
00003d75  NMI_Handler                     
00003d75  PCM_IRQHandler                  
00003d75  PORT1_IRQHandler                
00003d75  PORT2_IRQHandler                
00003d75  PORT3_IRQHandler                
00003d75  PORT4_IRQHandler                
00003d75  PORT6_IRQHandler                
00003d75  PSS_IRQHandler                  
00003d75  PendSV_Handler                  
00003d75  RTC_C_IRQHandler                
00003d75  SVC_Handler                     
00003d75  SysTick_Handler                 
00003d75  T32_INT2_IRQHandler             
00003d75  T32_INTC_IRQHandler             
00003d75  TA0_0_IRQHandler                
00003d75  TA0_N_IRQHandler                
00003d75  TA1_0_IRQHandler                
00003d75  TA1_N_IRQHandler                
00003d75  TA2_0_IRQHandler                
00003d75  TA2_N_IRQHandler                
00003d75  TA3_0_IRQHandler                
00003d75  TA3_N_IRQHandler                
00003d75  UsageFault_Handler              
00003d75  WDT_A_IRQHandler                
00003d81  __aeabi_errno_addr              
00003d89  malloc                          
00003d99  _system_pre_init                
00003d9d  C$$EXIT                         
00003d9d  abort                           
00003da0  _ctypes_                        
00003f24  __TI_Handler_Table_Base         
00003f30  __TI_Handler_Table_Limit        
00003f38  __TI_CINIT_Base                 
00003f48  __TI_CINIT_Limit                
20000000  __start___llvm_prf_cnts         
20000000  __stop___llvm_prf_cnts          
20000000  _sys_memory                     
20000400  __CIOBUF_                       
20000520  __TI_tmpnams                    
200005c0  Rx_String                       
20000610  parmbuf                         
20000618  Tx_Buffer                       
2000061c  _ftable                         
2000070c  _device                         
20000784  _stream                         
200007d4  __TI_ft_end                     
200007d8  __aeabi_stdin                   
200007dc  __aeabi_stdout                  
200007e0  __aeabi_stderr                  
200007e4  __TI_cleanup_ptr                
200007e8  __TI_dtors_ptr                  
200007ec  __TI_enable_exit_profile_output 
200007f0  SEVEN_SEG_LUT                   
200007fa  ALERT_BUTTON_PRESSED            
200007fc  _lock                           
20000800  _unlock                         
2000080c  errno                           
20000810  SystemCoreClock                 
20000816  ALERT_315_TIMER                 
20000818  Rx_Char_Count                   
2000081a  ALERT_STRING                    
2000fe00  __stack                         
20010000  __STACK_END                     
4000480c  WDTCTL_SYM                      
ffffffff  __TI_pprof_out_hndl             
ffffffff  __TI_prof_data_size             
ffffffff  __TI_prof_data_start            
ffffffff  __binit__                       
ffffffff  __c_args__                      
ffffffff  binit                           
UNDEFED   __mpu_init                      
UNDEFED   _system_post_cinit              

[237 symbols]
