******************************************************************************
                  TI ARM Linker PC v20.2.4                     
******************************************************************************
>> Linked Thu Apr 28 18:08:42 2022

OUTPUT FILE NAME:   <ECE315-F21-Lab6.out>
ENTRY POINT SYMBOL: "_c_int00_noargs"  address: 0000120d


MEMORY CONFIGURATION

         name            origin    length      used     unused   attr    fill
----------------------  --------  ---------  --------  --------  ----  --------
  MAIN                  00000000   00040000  000012c0  0003ed40  R  X
  INFO                  00200000   00004000  00000000  00004000  R  X
  SRAM_CODE             01000000   00010000  00000229  0000fdd7  RW X
  SRAM_DATA             20000000   00010000  00000229  0000fdd7  RW  


SEGMENT ALLOCATION MAP

run origin  load origin   length   init length attrs members
----------  ----------- ---------- ----------- ----- -------
00000000    00000000    000012c0   000012c0    r-x
  00000000    00000000    000000e4   000000e4    r-- .intvecs
  000000e4    000000e4    0000119c   0000119c    r-x .text
  00001280    00001280    00000040   00000040    r-- .cinit
20000000    20000000    00000029   00000000    rw-
  20000000    20000000    00000018   00000000    rw- .bss
  20000018    20000018    00000011   00000000    rw- .data
2000fe00    2000fe00    00000200   00000000    rw-
  2000fe00    2000fe00    00000200   00000000    rw- .stack


SECTION ALLOCATION MAP

 output                                  attributes/
section   page    origin      length       input sections
--------  ----  ----------  ----------   ----------------
.intvecs   0    00000000    000000e4     
                  00000000    000000e4     startup_msp432p401r_ccs.obj (.intvecs:retain)

.text      0    000000e4    0000119c     
                  000000e4    00000364     kitchen_timer.obj (.text)
                  00000448    00000354     system_msp432p401r.obj (.text)
                  0000079c    00000320     display.obj (.text)
                  00000abc    00000270     i2c.obj (.text)
                  00000d2c    0000014c     cap_sense.obj (.text)
                  00000e78    00000110     hw_timers.obj (.text)
                  00000f88    000000a8     buzzer.obj (.text)
                  00001030    0000009c     rtsv7M4_T_le_v4SPD16_eabi.lib : memcpy_t2.asm.obj (.text)
                  000010cc    00000094     main.obj (.text)
                  00001160    00000068     rtsv7M4_T_le_v4SPD16_eabi.lib : copy_decompress_lzss.c.obj (.text:decompress:lzss:__TI_decompress_lzss)
                  000011c8    00000044                                   : autoinit.c.obj (.text:__TI_auto_init_nobinit_nopinit:__TI_auto_init_nobinit_nopinit)
                  0000120c    00000034                                   : boot_cortex_m.c.obj (.text:_c_int00_noargs:_c_int00_noargs)
                  00001240    0000001c                                   : copy_zero_init.c.obj (.text:decompress:ZI:__TI_zero_init_nomemset:__TI_zero_init_nomemset)
                  0000125c    0000000e                                   : copy_decompress_none.c.obj (.text:decompress:none:__TI_decompress_none)
                  0000126a    0000000e     startup_msp432p401r_ccs.obj (.text)
                  00001278    00000004     rtsv7M4_T_le_v4SPD16_eabi.lib : pre_init.c.obj (.text:_system_pre_init)
                  0000127c    00000004                                   : exit.c.obj (.text:abort:abort)

.cinit     0    00001280    00000040     
                  00001280    00000017     (.cinit..data.load) [load image, compression = lzss]
                  00001297    00000001     --HOLE-- [fill = 0]
                  00001298    0000000c     (__TI_handler_table)
                  000012a4    00000004     --HOLE-- [fill = 0]
                  000012a8    00000008     (.cinit..bss.load) [load image, compression = zero_init]
                  000012b0    00000010     (__TI_cinit_table)

.init_array 
*          0    00000000    00000000     UNINITIALIZED

.binit     0    00000000    00000000     

.bss       0    20000000    00000018     UNINITIALIZED
                  20000000    00000004     (.common:hours)
                  20000004    00000004     (.common:hours_init)
                  20000008    00000004     (.common:minutes)
                  2000000c    00000004     (.common:minutes_init)
                  20000010    00000004     (.common:seconds)
                  20000014    00000001     (.common:blink)
                  20000015    00000001     (.common:buzzer)
                  20000016    00000001     (.common:eyes)
                  20000017    00000001     (.common:minutes_sel)

.data      0    20000018    00000011     UNINITIALIZED
                  20000018    0000000a     display.obj (.data:SEVEN_SEG_LUT)
                  20000022    00000002     hw_timers.obj (.data)
                  20000024    00000004     system_msp432p401r.obj (.data)
                  20000028    00000001     cap_sense.obj (.data)

.stack     0    2000fe00    00000200     UNINITIALIZED
                  2000fe00    00000004     rtsv7M4_T_le_v4SPD16_eabi.lib : boot_cortex_m.c.obj (.stack)
                  2000fe04    000001fc     --HOLE--

__llvm_prf_cnts 
*          0    20000000    00000000     UNINITIALIZED

MODULE SUMMARY

       Module                        code   ro data   rw data
       ------                        ----   -------   -------
    .\
       kitchen_timer.obj             868    0         48     
       system_msp432p401r.obj        852    0         8      
       display.obj                   800    0         20     
       cap_sense.obj                 332    0         2      
       startup_msp432p401r_ccs.obj   14     228       0      
       main.obj                      148    0         0      
    +--+-----------------------------+------+---------+---------+
       Total:                        3014   228       78     
                                                             
    .\provided_code\
       i2c.obj                       624    0         0      
       hw_timers.obj                 272    0         4      
       buzzer.obj                    168    0         0      
    +--+-----------------------------+------+---------+---------+
       Total:                        1064   0         4      
                                                             
    C:\ProgramData\App-V\883E8076-D99D-4911-93C4-940332A6BE1F\BFE39798-EFFD-4CAF-929B-E5A85FC35347\Root\ccs\tools\compiler\ti-cgt-arm_20.2.4.LTS\lib\rtsv7M4_T_le_v4SPD16_eabi.lib
       memcpy_t2.asm.obj             156    0         0      
       copy_decompress_lzss.c.obj    104    0         0      
       autoinit.c.obj                68     0         0      
       boot_cortex_m.c.obj           52     0         0      
       copy_zero_init.c.obj          28     0         0      
       copy_decompress_none.c.obj    14     0         0      
       exit.c.obj                    4      0         0      
       pre_init.c.obj                4      0         0      
    +--+-----------------------------+------+---------+---------+
       Total:                        430    0         0      
                                                             
       Stack:                        0      0         1024   
       Linker Generated:             0      59        0      
    +--+-----------------------------+------+---------+---------+
       Grand Total:                  4508   287       1106   


LINKER GENERATED COPY TABLES

__TI_cinit_table @ 000012b0 records: 2, size/record: 8, table size: 16
	.data: load addr=00001280, load size=00000017 bytes, run addr=20000018, run size=00000011 bytes, compression=lzss
	.bss: load addr=000012a8, load size=00000008 bytes, run addr=20000000, run size=00000018 bytes, compression=zero_init


LINKER GENERATED HANDLER TABLE

__TI_handler_table @ 00001298 records: 3, size/record: 4, table size: 12
	index: 0, handler: __TI_decompress_lzss
	index: 1, handler: __TI_decompress_none
	index: 2, handler: __TI_zero_init


GLOBAL SYMBOLS: SORTED ALPHABETICALLY BY Name 

address   name                            
-------   ----                            
00001277  ADC14_IRQHandler                
00001277  AES256_IRQHandler               
20000022  ALERT_1_SECOND                  
20000023  ALERT_2_MILLISECOND             
20000028  ALERT_BUTTON_PRESSED            
00000deb  AT42QT2120_read_detection_status
00000de1  AT42QT2120_read_key_status_hi   
00000dd7  AT42QT2120_read_key_status_lo   
00000dc5  AT42QT2120_read_reg             
00000df5  AT42QT2120_read_slider_status   
00000dab  AT42QT2120_write_reg            
00001277  BusFault_Handler                
0000127d  C$$EXIT                         
00001277  COMP_E0_IRQHandler              
00001277  COMP_E1_IRQHandler              
00001277  CS_IRQHandler                   
00001277  DMA_ERR_IRQHandler              
00001277  DMA_INT0_IRQHandler             
00001277  DMA_INT1_IRQHandler             
00001277  DMA_INT2_IRQHandler             
00001277  DMA_INT3_IRQHandler             
00001277  DebugMon_Handler                
00001277  Default_Handler                 
00001277  EUSCIA0_IRQHandler              
00001277  EUSCIA1_IRQHandler              
00001277  EUSCIA2_IRQHandler              
00001277  EUSCIA3_IRQHandler              
00001277  EUSCIB0_IRQHandler              
00001277  EUSCIB1_IRQHandler              
00001277  EUSCIB2_IRQHandler              
00001277  EUSCIB3_IRQHandler              
00001277  FLCTL_IRQHandler                
00001277  FPU_IRQHandler                  
00001277  HardFault_Handler               
00001277  MemManage_Handler               
00001277  NMI_Handler                     
00001277  PCM_IRQHandler                  
00001277  PORT1_IRQHandler                
00001277  PORT2_IRQHandler                
00001277  PORT3_IRQHandler                
00001277  PORT4_IRQHandler                
00000d97  PORT5_IRQHandler                
00000d97  PORT5_IRQHandler                
00001277  PORT6_IRQHandler                
00001277  PSS_IRQHandler                  
00001277  PendSV_Handler                  
00001277  RTC_C_IRQHandler                
0000126b  Reset_Handler                   
20000018  SEVEN_SEG_LUT                   
00001277  SVC_Handler                     
00001277  SysTick_Handler                 
20000024  SystemCoreClock                 
00000449  SystemCoreClockUpdate           
000006c1  SystemInit                      
00000f3d  T32_INT1_IRQHandler             
00000f3d  T32_INT1_IRQHandler             
00000f4b  T32_INT2_IRQHandler             
00000f4b  T32_INT2_IRQHandler             
00001277  T32_INTC_IRQHandler             
00001277  TA0_0_IRQHandler                
00001277  TA0_N_IRQHandler                
00001277  TA1_0_IRQHandler                
00001277  TA1_N_IRQHandler                
00001277  TA2_0_IRQHandler                
00001277  TA2_N_IRQHandler                
00001277  TA3_0_IRQHandler                
00001277  TA3_N_IRQHandler                
00001277  UsageFault_Handler              
4000480c  WDTCTL_SYM                      
00001277  WDT_A_IRQHandler                
20010000  __STACK_END                     
00000200  __STACK_SIZE                    
000012b0  __TI_CINIT_Base                 
000012c0  __TI_CINIT_Limit                
00001298  __TI_Handler_Table_Base         
000012a4  __TI_Handler_Table_Limit        
000011c9  __TI_auto_init_nobinit_nopinit  
00001161  __TI_decompress_lzss            
0000125d  __TI_decompress_none            
ffffffff  __TI_pprof_out_hndl             
ffffffff  __TI_prof_data_size             
ffffffff  __TI_prof_data_start            
00000000  __TI_static_base__              
00001241  __TI_zero_init_nomemset         
00001031  __aeabi_memcpy                  
00001031  __aeabi_memcpy4                 
00001031  __aeabi_memcpy8                 
ffffffff  __binit__                       
ffffffff  __c_args__                      
UNDEFED   __mpu_init                      
2000fe00  __stack                         
20000000  __start___llvm_prf_cnts         
20000000  __stop___llvm_prf_cnts          
0000120d  _c_int00_noargs                 
UNDEFED   _system_post_cinit              
00001279  _system_pre_init                
0000127d  abort                           
ffffffff  binit                           
20000014  blink                           
20000015  buzzer                          
00000f89  buzzer_init                     
00000ff7  buzzer_off                      
00000fe1  buzzer_on                       
00001003  buzzer_run_status               
00000e2f  cap_sense_get_buttons           
00000dff  cap_sense_interrupt_init        
000008b7  display_all_dig_off             
00000981  display_digit                   
00000931  display_eye_left                
00000959  display_eye_right               
0000079d  display_init                    
20000016  eyes                            
20000000  hours                           
20000004  hours_init                      
00000ee3  hw_timer_init_1S_irq            
00000f0b  hw_timer_init_2ms_irq           
00000b55  i2c_init                        
00000bf1  i2c_read_16                     
00000ca7  i2c_read_8                      
00000b95  i2c_write_16                    
00000c5b  i2c_write_8                     
00000000  interruptVectors                
00000251  kitchen_timer_mode_count_down   
000000e5  kitchen_timer_mode_init         
000010cd  main                            
00001031  memcpy                          
20000008  minutes                         
2000000c  minutes_init                    
20000017  minutes_sel                     
20000010  seconds                         


GLOBAL SYMBOLS: SORTED BY Symbol Address 

address   name                            
-------   ----                            
00000000  __TI_static_base__              
00000000  interruptVectors                
000000e5  kitchen_timer_mode_init         
00000200  __STACK_SIZE                    
00000251  kitchen_timer_mode_count_down   
00000449  SystemCoreClockUpdate           
000006c1  SystemInit                      
0000079d  display_init                    
000008b7  display_all_dig_off             
00000931  display_eye_left                
00000959  display_eye_right               
00000981  display_digit                   
00000b55  i2c_init                        
00000b95  i2c_write_16                    
00000bf1  i2c_read_16                     
00000c5b  i2c_write_8                     
00000ca7  i2c_read_8                      
00000d97  PORT5_IRQHandler                
00000d97  PORT5_IRQHandler                
00000dab  AT42QT2120_write_reg            
00000dc5  AT42QT2120_read_reg             
00000dd7  AT42QT2120_read_key_status_lo   
00000de1  AT42QT2120_read_key_status_hi   
00000deb  AT42QT2120_read_detection_status
00000df5  AT42QT2120_read_slider_status   
00000dff  cap_sense_interrupt_init        
00000e2f  cap_sense_get_buttons           
00000ee3  hw_timer_init_1S_irq            
00000f0b  hw_timer_init_2ms_irq           
00000f3d  T32_INT1_IRQHandler             
00000f3d  T32_INT1_IRQHandler             
00000f4b  T32_INT2_IRQHandler             
00000f4b  T32_INT2_IRQHandler             
00000f89  buzzer_init                     
00000fe1  buzzer_on                       
00000ff7  buzzer_off                      
00001003  buzzer_run_status               
00001031  __aeabi_memcpy                  
00001031  __aeabi_memcpy4                 
00001031  __aeabi_memcpy8                 
00001031  memcpy                          
000010cd  main                            
00001161  __TI_decompress_lzss            
000011c9  __TI_auto_init_nobinit_nopinit  
0000120d  _c_int00_noargs                 
00001241  __TI_zero_init_nomemset         
0000125d  __TI_decompress_none            
0000126b  Reset_Handler                   
00001277  ADC14_IRQHandler                
00001277  AES256_IRQHandler               
00001277  BusFault_Handler                
00001277  COMP_E0_IRQHandler              
00001277  COMP_E1_IRQHandler              
00001277  CS_IRQHandler                   
00001277  DMA_ERR_IRQHandler              
00001277  DMA_INT0_IRQHandler             
00001277  DMA_INT1_IRQHandler             
00001277  DMA_INT2_IRQHandler             
00001277  DMA_INT3_IRQHandler             
00001277  DebugMon_Handler                
00001277  Default_Handler                 
00001277  EUSCIA0_IRQHandler              
00001277  EUSCIA1_IRQHandler              
00001277  EUSCIA2_IRQHandler              
00001277  EUSCIA3_IRQHandler              
00001277  EUSCIB0_IRQHandler              
00001277  EUSCIB1_IRQHandler              
00001277  EUSCIB2_IRQHandler              
00001277  EUSCIB3_IRQHandler              
00001277  FLCTL_IRQHandler                
00001277  FPU_IRQHandler                  
00001277  HardFault_Handler               
00001277  MemManage_Handler               
00001277  NMI_Handler                     
00001277  PCM_IRQHandler                  
00001277  PORT1_IRQHandler                
00001277  PORT2_IRQHandler                
00001277  PORT3_IRQHandler                
00001277  PORT4_IRQHandler                
00001277  PORT6_IRQHandler                
00001277  PSS_IRQHandler                  
00001277  PendSV_Handler                  
00001277  RTC_C_IRQHandler                
00001277  SVC_Handler                     
00001277  SysTick_Handler                 
00001277  T32_INTC_IRQHandler             
00001277  TA0_0_IRQHandler                
00001277  TA0_N_IRQHandler                
00001277  TA1_0_IRQHandler                
00001277  TA1_N_IRQHandler                
00001277  TA2_0_IRQHandler                
00001277  TA2_N_IRQHandler                
00001277  TA3_0_IRQHandler                
00001277  TA3_N_IRQHandler                
00001277  UsageFault_Handler              
00001277  WDT_A_IRQHandler                
00001279  _system_pre_init                
0000127d  C$$EXIT                         
0000127d  abort                           
00001298  __TI_Handler_Table_Base         
000012a4  __TI_Handler_Table_Limit        
000012b0  __TI_CINIT_Base                 
000012c0  __TI_CINIT_Limit                
20000000  __start___llvm_prf_cnts         
20000000  __stop___llvm_prf_cnts          
20000000  hours                           
20000004  hours_init                      
20000008  minutes                         
2000000c  minutes_init                    
20000010  seconds                         
20000014  blink                           
20000015  buzzer                          
20000016  eyes                            
20000017  minutes_sel                     
20000018  SEVEN_SEG_LUT                   
20000022  ALERT_1_SECOND                  
20000023  ALERT_2_MILLISECOND             
20000024  SystemCoreClock                 
20000028  ALERT_BUTTON_PRESSED            
2000fe00  __stack                         
20010000  __STACK_END                     
4000480c  WDTCTL_SYM                      
ffffffff  __TI_pprof_out_hndl             
ffffffff  __TI_prof_data_size             
ffffffff  __TI_prof_data_start            
ffffffff  __binit__                       
ffffffff  __c_args__                      
ffffffff  binit                           
UNDEFED   __mpu_init                      
UNDEFED   _system_post_cinit              

[130 symbols]
